Archive member included to satisfy reference by file (symbol)

c:/st/stm32cubeide_1.0.1/stm32cubeide/plugins/com.st.stm32cube.ide.mcu.externaltools.gnu-tools-for-stm32.7-2018-q2-update.win32_1.0.0.201904181610/tools/bin/../lib/gcc/arm-none-eabi/7.3.1/../../../../arm-none-eabi/lib/thumb/v7e-m/fpv4-sp/hard\libc_nano.a(lib_a-atoi.o)
                              Src/amw/amw_uart.o (atoi)
c:/st/stm32cubeide_1.0.1/stm32cubeide/plugins/com.st.stm32cube.ide.mcu.externaltools.gnu-tools-for-stm32.7-2018-q2-update.win32_1.0.0.201904181610/tools/bin/../lib/gcc/arm-none-eabi/7.3.1/../../../../arm-none-eabi/lib/thumb/v7e-m/fpv4-sp/hard\libc_nano.a(lib_a-errno.o)
                              Src/syscalls.o (__errno)
c:/st/stm32cubeide_1.0.1/stm32cubeide/plugins/com.st.stm32cube.ide.mcu.externaltools.gnu-tools-for-stm32.7-2018-q2-update.win32_1.0.0.201904181610/tools/bin/../lib/gcc/arm-none-eabi/7.3.1/../../../../arm-none-eabi/lib/thumb/v7e-m/fpv4-sp/hard\libc_nano.a(lib_a-exit.o)
                              c:/st/stm32cubeide_1.0.1/stm32cubeide/plugins/com.st.stm32cube.ide.mcu.externaltools.gnu-tools-for-stm32.7-2018-q2-update.win32_1.0.0.201904181610/tools/bin/../lib/gcc/arm-none-eabi/7.3.1/../../../../arm-none-eabi/lib/thumb/v7e-m/fpv4-sp/hard/crt0.o (exit)
c:/st/stm32cubeide_1.0.1/stm32cubeide/plugins/com.st.stm32cube.ide.mcu.externaltools.gnu-tools-for-stm32.7-2018-q2-update.win32_1.0.0.201904181610/tools/bin/../lib/gcc/arm-none-eabi/7.3.1/../../../../arm-none-eabi/lib/thumb/v7e-m/fpv4-sp/hard\libc_nano.a(lib_a-impure.o)
                              c:/st/stm32cubeide_1.0.1/stm32cubeide/plugins/com.st.stm32cube.ide.mcu.externaltools.gnu-tools-for-stm32.7-2018-q2-update.win32_1.0.0.201904181610/tools/bin/../lib/gcc/arm-none-eabi/7.3.1/../../../../arm-none-eabi/lib/thumb/v7e-m/fpv4-sp/hard\libc_nano.a(lib_a-exit.o) (_global_impure_ptr)
c:/st/stm32cubeide_1.0.1/stm32cubeide/plugins/com.st.stm32cube.ide.mcu.externaltools.gnu-tools-for-stm32.7-2018-q2-update.win32_1.0.0.201904181610/tools/bin/../lib/gcc/arm-none-eabi/7.3.1/../../../../arm-none-eabi/lib/thumb/v7e-m/fpv4-sp/hard\libc_nano.a(lib_a-init.o)
                              c:/st/stm32cubeide_1.0.1/stm32cubeide/plugins/com.st.stm32cube.ide.mcu.externaltools.gnu-tools-for-stm32.7-2018-q2-update.win32_1.0.0.201904181610/tools/bin/../lib/gcc/arm-none-eabi/7.3.1/../../../../arm-none-eabi/lib/thumb/v7e-m/fpv4-sp/hard/crt0.o (__libc_init_array)
c:/st/stm32cubeide_1.0.1/stm32cubeide/plugins/com.st.stm32cube.ide.mcu.externaltools.gnu-tools-for-stm32.7-2018-q2-update.win32_1.0.0.201904181610/tools/bin/../lib/gcc/arm-none-eabi/7.3.1/../../../../arm-none-eabi/lib/thumb/v7e-m/fpv4-sp/hard\libc_nano.a(lib_a-itoa.o)
                              Src/amw/amw_uart.o (itoa)
c:/st/stm32cubeide_1.0.1/stm32cubeide/plugins/com.st.stm32cube.ide.mcu.externaltools.gnu-tools-for-stm32.7-2018-q2-update.win32_1.0.0.201904181610/tools/bin/../lib/gcc/arm-none-eabi/7.3.1/../../../../arm-none-eabi/lib/thumb/v7e-m/fpv4-sp/hard\libc_nano.a(lib_a-memcmp.o)
                              Src/mqtt/MQTTConnectServer.o (memcmp)
c:/st/stm32cubeide_1.0.1/stm32cubeide/plugins/com.st.stm32cube.ide.mcu.externaltools.gnu-tools-for-stm32.7-2018-q2-update.win32_1.0.0.201904181610/tools/bin/../lib/gcc/arm-none-eabi/7.3.1/../../../../arm-none-eabi/lib/thumb/v7e-m/fpv4-sp/hard\libc_nano.a(lib_a-memcpy-stub.o)
                              Middlewares/Third_Party/FreeRTOS/Source/queue.o (memcpy)
c:/st/stm32cubeide_1.0.1/stm32cubeide/plugins/com.st.stm32cube.ide.mcu.externaltools.gnu-tools-for-stm32.7-2018-q2-update.win32_1.0.0.201904181610/tools/bin/../lib/gcc/arm-none-eabi/7.3.1/../../../../arm-none-eabi/lib/thumb/v7e-m/fpv4-sp/hard\libc_nano.a(lib_a-memset.o)
                              c:/st/stm32cubeide_1.0.1/stm32cubeide/plugins/com.st.stm32cube.ide.mcu.externaltools.gnu-tools-for-stm32.7-2018-q2-update.win32_1.0.0.201904181610/tools/bin/../lib/gcc/arm-none-eabi/7.3.1/../../../../arm-none-eabi/lib/thumb/v7e-m/fpv4-sp/hard/crt0.o (memset)
c:/st/stm32cubeide_1.0.1/stm32cubeide/plugins/com.st.stm32cube.ide.mcu.externaltools.gnu-tools-for-stm32.7-2018-q2-update.win32_1.0.0.201904181610/tools/bin/../lib/gcc/arm-none-eabi/7.3.1/../../../../arm-none-eabi/lib/thumb/v7e-m/fpv4-sp/hard\libc_nano.a(lib_a-printf.o)
                              Src/main.o (printf)
c:/st/stm32cubeide_1.0.1/stm32cubeide/plugins/com.st.stm32cube.ide.mcu.externaltools.gnu-tools-for-stm32.7-2018-q2-update.win32_1.0.0.201904181610/tools/bin/../lib/gcc/arm-none-eabi/7.3.1/../../../../arm-none-eabi/lib/thumb/v7e-m/fpv4-sp/hard\libc_nano.a(lib_a-puts.o)
                              Src/main.o (puts)
c:/st/stm32cubeide_1.0.1/stm32cubeide/plugins/com.st.stm32cube.ide.mcu.externaltools.gnu-tools-for-stm32.7-2018-q2-update.win32_1.0.0.201904181610/tools/bin/../lib/gcc/arm-none-eabi/7.3.1/../../../../arm-none-eabi/lib/thumb/v7e-m/fpv4-sp/hard\libc_nano.a(lib_a-snprintf.o)
                              Src/main.o (snprintf)
[...]
Memory Configuration

Name             Origin             Length             Attributes
RAM              0x0000000020000000 0x0000000000020000 xrw
FLASH            0x0000000008000000 0x0000000000080000 xr
*default*        0x0000000000000000 0xffffffffffffffff

Linker script and memory map

LOAD c:/st/stm32cubeide_1.0.1/stm32cubeide/plugins/com.st.stm32cube.ide.mcu.externaltools.gnu-tools-for-stm32.7-2018-q2-update.win32_1.0.0.201904181610/tools/bin/../lib/gcc/arm-none-eabi/7.3.1/thumb/v7e-m/fpv4-sp/hard/crti.o
LOAD c:/st/stm32cubeide_1.0.1/stm32cubeide/plugins/com.st.stm32cube.ide.mcu.externaltools.gnu-tools-for-stm32.7-2018-q2-update.win32_1.0.0.201904181610/tools/bin/../lib/gcc/arm-none-eabi/7.3.1/thumb/v7e-m/fpv4-sp/hard/crtbegin.o
LOAD c:/st/stm32cubeide_1.0.1/stm32cubeide/plugins/com.st.stm32cube.ide.mcu.externaltools.gnu-tools-for-stm32.7-2018-q2-update.win32_1.0.0.201904181610/tools/bin/../lib/gcc/arm-none-eabi/7.3.1/../../../../arm-none-eabi/lib/thumb/v7e-m/fpv4-sp/hard/crt0.o
LOAD Drivers/STM32F4xx_HAL_Driver/Src/stm32f4xx_hal.o
LOAD Drivers/STM32F4xx_HAL_Driver/Src/stm32f4xx_hal_cortex.o
LOAD Drivers/STM32F4xx_HAL_Driver/Src/stm32f4xx_hal_dma.o
LOAD Drivers/STM32F4xx_HAL_Driver/Src/stm32f4xx_hal_dma_ex.o
LOAD Drivers/STM32F4xx_HAL_Driver/Src/stm32f4xx_hal_exti.o
LOAD Drivers/STM32F4xx_HAL_Driver/Src/stm32f4xx_hal_flash.o
LOAD Drivers/STM32F4xx_HAL_Driver/Src/stm32f4xx_hal_flash_ex.o
LOAD Drivers/STM32F4xx_HAL_Driver/Src/stm32f4xx_hal_flash_ramfunc.o
LOAD Drivers/STM32F4xx_HAL_Driver/Src/stm32f4xx_hal_gpio.o
LOAD Drivers/STM32F4xx_HAL_Driver/Src/stm32f4xx_hal_i2c.o
LOAD Drivers/STM32F4xx_HAL_Driver/Src/stm32f4xx_hal_i2c_ex.o
LOAD Drivers/STM32F4xx_HAL_Driver/Src/stm32f4xx_hal_pwr.o
LOAD Drivers/STM32F4xx_HAL_Driver/Src/stm32f4xx_hal_pwr_ex.o
LOAD Drivers/STM32F4xx_HAL_Driver/Src/stm32f4xx_hal_rcc.o
LOAD Drivers/STM32F4xx_HAL_Driver/Src/stm32f4xx_hal_rcc_ex.o
LOAD Drivers/STM32F4xx_HAL_Driver/Src/stm32f4xx_hal_spi.o
LOAD Drivers/STM32F4xx_HAL_Driver/Src/stm32f4xx_hal_tim.o
LOAD Drivers/STM32F4xx_HAL_Driver/Src/stm32f4xx_hal_tim_ex.o
LOAD Drivers/STM32F4xx_HAL_Driver/Src/stm32f4xx_hal_uart.o
LOAD Middlewares/Third_Party/FreeRTOS/Source/CMSIS_RTOS/cmsis_os.o
LOAD Middlewares/Third_Party/FreeRTOS/Source/croutine.o
LOAD Middlewares/Third_Party/FreeRTOS/Source/event_groups.o
LOAD Middlewares/Third_Party/FreeRTOS/Source/list.o
LOAD Middlewares/Third_Party/FreeRTOS/Source/queue.o
LOAD Middlewares/Third_Party/FreeRTOS/Source/stream_buffer.o
LOAD Middlewares/Third_Party/FreeRTOS/Source/tasks.o
LOAD Middlewares/Third_Party/FreeRTOS/Source/timers.o
LOAD Middlewares/Third_Party/FreeRTOS/Source/portable/GCC/ARM_CM4F/port.o
LOAD Middlewares/Third_Party/FreeRTOS/Source/portable/MemMang/heap_4.o
LOAD Src/IRremote.o
LOAD Src/fan.o
LOAD Src/freertos.o
LOAD Src/irPronto.o
LOAD Src/irSend.o
LOAD Src/ir_Aiwa.o
LOAD Src/ir_Denon.o
LOAD Src/ir_Dish.o
LOAD Src/ir_JVC.o
LOAD Src/ir_LG.o
LOAD Src/ir_Mitsubishi.o
LOAD Src/ir_NEC.o
LOAD Src/ir_Panasonic.o
LOAD Src/ir_RC5_RC6.o
LOAD Src/ir_Samsung.o
LOAD Src/ir_Sanyo.o
LOAD Src/ir_Sharp.o
LOAD Src/ir_Sony.o
LOAD Src/ir_Template.o
LOAD Src/ir_Whynter.o
LOAD Src/main.o
LOAD Src/stepmotor.o
LOAD Src/stm32f4xx_hal_msp.o
LOAD Src/stm32f4xx_hal_timebase_tim.o
LOAD Src/stm32f4xx_it.o
LOAD Src/syscalls.o
LOAD Src/sysmem.o
LOAD Src/system_stm32f4xx.o
LOAD Src/amw/amw_uart.o
LOAD Src/mqtt/MQTTClient.o
LOAD Src/mqtt/MQTTConnectClient.o
LOAD Src/mqtt/MQTTConnectServer.o
LOAD Src/mqtt/MQTTDeserializePublish.o
LOAD Src/mqtt/MQTTPacket.o
LOAD Src/mqtt/MQTTSerializePublish.o
LOAD Src/mqtt/MQTTSubscribeClient.o
LOAD Src/mqtt/MQTTSubscribeServer.o
LOAD Src/mqtt/MQTTUnsubscribeClient.o
LOAD Src/mqtt/MQTTUnsubscribeServer.o
LOAD Startup/startup_stm32f411retx.o
START GROUP
LOAD c:/st/stm32cubeide_1.0.1/stm32cubeide/plugins/com.st.stm32cube.ide.mcu.externaltools.gnu-tools-for-stm32.7-2018-q2-update.win32_1.0.0.201904181610/tools/bin/../lib/gcc/arm-none-eabi/7.3.1/../../../../arm-none-eabi/lib/thumb/v7e-m/fpv4-sp/hard\libc_nano.a
LOAD c:/st/stm32cubeide_1.0.1/stm32cubeide/plugins/com.st.stm32cube.ide.mcu.externaltools.gnu-tools-for-stm32.7-2018-q2-update.win32_1.0.0.201904181610/tools/bin/../lib/gcc/arm-none-eabi/7.3.1/../../../../arm-none-eabi/lib/thumb/v7e-m/fpv4-sp/hard\libm.a
END GROUP
START GROUP
LOAD c:/st/stm32cubeide_1.0.1/stm32cubeide/plugins/com.st.stm32cube.ide.mcu.externaltools.gnu-tools-for-stm32.7-2018-q2-update.win32_1.0.0.201904181610/tools/bin/../lib/gcc/arm-none-eabi/7.3.1/thumb/v7e-m/fpv4-sp/hard\libgcc.a
LOAD c:/st/stm32cubeide_1.0.1/stm32cubeide/plugins/com.st.stm32cube.ide.mcu.externaltools.gnu-tools-for-stm32.7-2018-q2-update.win32_1.0.0.201904181610/tools/bin/../lib/gcc/arm-none-eabi/7.3.1/../../../../arm-none-eabi/lib/thumb/v7e-m/fpv4-sp/hard\libc_nano.a
END GROUP
START GROUP
LOAD c:/st/stm32cubeide_1.0.1/stm32cubeide/plugins/com.st.stm32cube.ide.mcu.externaltools.gnu-tools-for-stm32.7-2018-q2-update.win32_1.0.0.201904181610/tools/bin/../lib/gcc/arm-none-eabi/7.3.1/thumb/v7e-m/fpv4-sp/hard\libgcc.a
LOAD c:/st/stm32cubeide_1.0.1/stm32cubeide/plugins/com.st.stm32cube.ide.mcu.externaltools.gnu-tools-for-stm32.7-2018-q2-update.win32_1.0.0.201904181610/tools/bin/../lib/gcc/arm-none-eabi/7.3.1/../../../../arm-none-eabi/lib/thumb/v7e-m/fpv4-sp/hard\libc_nano.a
LOAD c:/st/stm32cubeide_1.0.1/stm32cubeide/plugins/com.st.stm32cube.ide.mcu.externaltools.gnu-tools-for-stm32.7-2018-q2-update.win32_1.0.0.201904181610/tools/bin/../lib/gcc/arm-none-eabi/7.3.1/../../../../arm-none-eabi/lib/thumb/v7e-m/fpv4-sp/hard\libnosys.a
END GROUP
START GROUP
LOAD c:/st/stm32cubeide_1.0.1/stm32cubeide/plugins/com.st.stm32cube.ide.mcu.externaltools.gnu-tools-for-stm32.7-2018-q2-update.win32_1.0.0.201904181610/tools/bin/../lib/gcc/arm-none-eabi/7.3.1/thumb/v7e-m/fpv4-sp/hard\libgcc.a
LOAD c:/st/stm32cubeide_1.0.1/stm32cubeide/plugins/com.st.stm32cube.ide.mcu.externaltools.gnu-tools-for-stm32.7-2018-q2-update.win32_1.0.0.201904181610/tools/bin/../lib/gcc/arm-none-eabi/7.3.1/../../../../arm-none-eabi/lib/thumb/v7e-m/fpv4-sp/hard\libc_nano.a
LOAD c:/st/stm32cubeide_1.0.1/stm32cubeide/plugins/com.st.stm32cube.ide.mcu.externaltools.gnu-tools-for-stm32.7-2018-q2-update.win32_1.0.0.201904181610/tools/bin/../lib/gcc/arm-none-eabi/7.3.1/../../../../arm-none-eabi/lib/thumb/v7e-m/fpv4-sp/hard\libnosys.a
END GROUP
LOAD c:/st/stm32cubeide_1.0.1/stm32cubeide/plugins/com.st.stm32cube.ide.mcu.externaltools.gnu-tools-for-stm32.7-2018-q2-update.win32_1.0.0.201904181610/tools/bin/../lib/gcc/arm-none-eabi/7.3.1/thumb/v7e-m/fpv4-sp/hard/crtend.o
LOAD c:/st/stm32cubeide_1.0.1/stm32cubeide/plugins/com.st.stm32cube.ide.mcu.externaltools.gnu-tools-for-stm32.7-2018-q2-update.win32_1.0.0.201904181610/tools/bin/../lib/gcc/arm-none-eabi/7.3.1/thumb/v7e-m/fpv4-sp/hard/crtn.o
                0x0000000020020000                _estack = 0x20020000
                0x0000000000000200                _Min_Heap_Size = 0x200
                0x0000000000000400                _Min_Stack_Size = 0x400

.isr_vector     0x0000000008000000      0x198
                0x0000000008000000                . = ALIGN (0x4)
 *(.isr_vector)
 .isr_vector    0x0000000008000000      0x198 Startup/startup_stm32f411retx.o
                0x0000000008000000                g_pfnVectors
                0x0000000008000198                . = ALIGN (0x4)

.text           0x00000000080001a0     0xcba8
                0x00000000080001a0                . = ALIGN (0x4)
 *(.text)
 .text          0x00000000080001a0       0x40 c:/st/stm32cubeide_1.0.1/stm32cubeide/plugins/com.st.stm32cube.ide.mcu.externaltools.gnu-tools-for-stm32.7-2018-q2-update.win32_1.0.0.201904181610/tools/bin/../lib/gcc/arm-none-eabi/7.3.1/thumb/v7e-m/fpv4-sp/hard/crtbegin.o
 .text          0x00000000080001e0       0x14 c:/st/stm32cubeide_1.0.1/stm32cubeide/plugins/com.st.stm32cube.ide.mcu.externaltools.gnu-tools-for-stm32.7-2018-q2-update.win32_1.0.0.201904181610/tools/bin/../lib/gcc/arm-none-eabi/7.3.1/../../../../arm-none-eabi/lib/thumb/v7e-m/fpv4-sp/hard\libc_nano.a(lib_a-strcmp.o)
                0x00000000080001e0                strcmp
 .text          0x00000000080001f4       0x10 c:/st/stm32cubeide_1.0.1/stm32cubeide/plugins/com.st.stm32cube.ide.mcu.externaltools.gnu-tools-for-stm32.7-2018-q2-update.win32_1.0.0.201904181610/tools/bin/../lib/gcc/arm-none-eabi/7.3.1/../../../../arm-none-eabi/lib/thumb/v7e-m/fpv4-sp/hard\libc_nano.a(lib_a-strlen.o)
                0x00000000080001f4                strlen
 *fill*         0x0000000008000204        0xc 
 .text          0x0000000008000210       0xa0 c:/st/stm32cubeide_1.0.1/stm32cubeide/plugins/com.st.stm32cube.ide.mcu.externaltools.gnu-tools-for-stm32.7-2018-q2-update.win32_1.0.0.201904181610/tools/bin/../lib/gcc/arm-none-eabi/7.3.1/../../../../arm-none-eabi/lib/thumb/v7e-m/fpv4-sp/hard\libc_nano.a(lib_a-memchr.o)
                0x0000000008000210                memchr
 .text          0x00000000080002b0      0x378 c:/st/stm32cubeide_1.0.1/stm32cubeide/plugins/com.st.stm32cube.ide.mcu.externaltools.gnu-tools-for-stm32.7-2018-q2-update.win32_1.0.0.201904181610/tools/bin/../lib/gcc/arm-none-eabi/7.3.1/thumb/v7e-m/fpv4-sp/hard\libgcc.a(_arm_addsubdf3.o)
                0x00000000080002b0                __aeabi_drsub
                0x00000000080002b8                __aeabi_dsub
                0x00000000080002b8                __subdf3
                0x00000000080002bc                __aeabi_dadd
                0x00000000080002bc                __adddf3
                0x0000000008000534                __floatunsidf
                0x0000000008000534                __aeabi_ui2d
                0x0000000008000554                __floatsidf
                0x0000000008000554                __aeabi_i2d
                0x0000000008000578                __aeabi_f2d
                0x0000000008000578                __extendsfdf2
                0x00000000080005bc                __floatundidf
                0x00000000080005bc                __aeabi_ul2d
                0x00000000080005cc                __floatdidf
                0x00000000080005cc                __aeabi_l2d
 .text          0x0000000008000628      0x424 c:/st/stm32cubeide_1.0.1/stm32cubeide/plugins/com.st.stm32cube.ide.mcu.externaltools.gnu-tools-for-stm32.7-2018-q2-update.win32_1.0.0.201904181610/tools/bin/../lib/gcc/arm-none-eabi/7.3.1/thumb/v7e-m/fpv4-sp/hard\libgcc.a(_arm_muldivdf3.o)
                0x0000000008000628                __aeabi_dmul
                0x0000000008000628                __muldf3
                0x000000000800087c                __divdf3
                0x000000000800087c                __aeabi_ddiv
 .text          0x0000000008000a4c      0x110 c:/st/stm32cubeide_1.0.1/stm32cubeide/plugins/com.st.stm32cube.ide.mcu.externaltools.gnu-tools-for-stm32.7-2018-q2-update.win32_1.0.0.201904181610/tools/bin/../lib/gcc/arm-none-eabi/7.3.1/thumb/v7e-m/fpv4-sp/hard\libgcc.a(_arm_cmpdf2.o)
                0x0000000008000a4c                __gtdf2
                0x0000000008000a4c                __gedf2
                0x0000000008000a54                __ltdf2
                0x0000000008000a54                __ledf2
                0x0000000008000a5c                __nedf2
                0x0000000008000a5c                __eqdf2
                0x0000000008000a5c                __cmpdf2
                0x0000000008000ad8                __aeabi_cdrcmple
                0x0000000008000ae8                __aeabi_cdcmpeq
                0x0000000008000ae8                __aeabi_cdcmple
                0x0000000008000af8                __aeabi_dcmpeq
                0x0000000008000b0c                __aeabi_dcmplt
                0x0000000008000b20                __aeabi_dcmple
                0x0000000008000b34                __aeabi_dcmpge
                0x0000000008000b48                __aeabi_dcmpgt
 .text          0x0000000008000b5c       0x50 c:/st/stm32cubeide_1.0.1/stm32cubeide/plugins/com.st.stm32cube.ide.mcu.externaltools.gnu-tools-for-stm32.7-2018-q2-update.win32_1.0.0.201904181610/tools/bin/../lib/gcc/arm-none-eabi/7.3.1/thumb/v7e-m/fpv4-sp/hard\libgcc.a(_arm_fixdfsi.o)
                0x0000000008000b5c                __aeabi_d2iz
                0x0000000008000b5c                __fixdfsi
 .text          0x0000000008000bac       0x30 c:/st/stm32cubeide_1.0.1/stm32cubeide/plugins/com.st.stm32cube.ide.mcu.externaltools.gnu-tools-for-stm32.7-2018-q2-update.win32_1.0.0.201904181610/tools/bin/../lib/gcc/arm-none-eabi/7.3.1/thumb/v7e-m/fpv4-sp/hard\libgcc.a(_aeabi_uldivmod.o)
                0x0000000008000bac                __aeabi_uldivmod
 .text          0x0000000008000bdc      0x2cc c:/st/stm32cubeide_1.0.1/stm32cubeide/plugins/com.st.stm32cube.ide.mcu.externaltools.gnu-tools-for-stm32.7-2018-q2-update.win32_1.0.0.201904181610/tools/bin/../lib/gcc/arm-none-eabi/7.3.1/thumb/v7e-m/fpv4-sp/hard\libgcc.a(_udivmoddi4.o)
                0x0000000008000bdc                __udivmoddi4
 .text          0x0000000008000ea8        0x4 c:/st/stm32cubeide_1.0.1/stm32cubeide/plugins/com.st.stm32cube.ide.mcu.externaltools.gnu-tools-for-stm32.7-2018-q2-update.win32_1.0.0.201904181610/tools/bin/../lib/gcc/arm-none-eabi/7.3.1/thumb/v7e-m/fpv4-sp/hard\libgcc.a(_dvmd_tls.o)
                0x0000000008000ea8                __aeabi_idiv0
                0x0000000008000ea8                __aeabi_ldiv0
 *(.text*)
 .text.HAL_Init
                0x0000000008000eac       0x44 Drivers/STM32F4xx_HAL_Driver/Src/stm32f4xx_hal.o
                0x0000000008000eac                HAL_Init
 .text.HAL_IncTick
                0x0000000008000ef0       0x28 Drivers/STM32F4xx_HAL_Driver/Src/stm32f4xx_hal.o
                0x0000000008000ef0                HAL_IncTick
 .text.HAL_GetTick
                0x0000000008000f18       0x18 Drivers/STM32F4xx_HAL_Driver/Src/stm32f4xx_hal.o
                0x0000000008000f18                HAL_GetTick
 .text.HAL_Delay
                0x0000000008000f30       0x44 Drivers/STM32F4xx_HAL_Driver/Src/stm32f4xx_hal.o
                0x0000000008000f30                HAL_Delay
 .text.__NVIC_SetPriorityGrouping
                0x0000000008000f74       0x48 Drivers/STM32F4xx_HAL_Driver/Src/stm32f4xx_hal_cortex.o
 .text.__NVIC_GetPriorityGrouping
                0x0000000008000fbc       0x1c Drivers/STM32F4xx_HAL_Driver/Src/stm32f4xx_hal_cortex.o
 .text.__NVIC_EnableIRQ
                0x0000000008000fd8       0x3c Drivers/STM32F4xx_HAL_Driver/Src/stm32f4xx_hal_cortex.o
 .text.__NVIC_DisableIRQ
                0x0000000008001014       0x44 Drivers/STM32F4xx_HAL_Driver/Src/stm32f4xx_hal_cortex.o
 .text.__NVIC_SetPriority
                0x0000000008001058       0x54 Drivers/STM32F4xx_HAL_Driver/Src/stm32f4xx_hal_cortex.o
 .text.NVIC_EncodePriority
                0x00000000080010ac       0x66 Drivers/STM32F4xx_HAL_Driver/Src/stm32f4xx_hal_cortex.o
 .text.HAL_NVIC_SetPriorityGrouping
                0x0000000008001112       0x16 Drivers/STM32F4xx_HAL_Driver/Src/stm32f4xx_hal_cortex.o
                0x0000000008001112                HAL_NVIC_SetPriorityGrouping
 .text.HAL_NVIC_SetPriority
                0x0000000008001128       0x38 Drivers/STM32F4xx_HAL_Driver/Src/stm32f4xx_hal_cortex.o
                0x0000000008001128                HAL_NVIC_SetPriority
 .text.HAL_NVIC_EnableIRQ
                0x0000000008001160       0x1c Drivers/STM32F4xx_HAL_Driver/Src/stm32f4xx_hal_cortex.o
                0x0000000008001160                HAL_NVIC_EnableIRQ
 .text.HAL_NVIC_DisableIRQ
                0x000000000800117c       0x1c Drivers/STM32F4xx_HAL_Driver/Src/stm32f4xx_hal_cortex.o
                0x000000000800117c                HAL_NVIC_DisableIRQ
 .text.HAL_DMA_Abort_IT
                0x0000000008001198       0x44 Drivers/STM32F4xx_HAL_Driver/Src/stm32f4xx_hal_dma.o
                0x0000000008001198                HAL_DMA_Abort_IT
 .text.HAL_DMA_GetState
                0x00000000080011dc       0x1c Drivers/STM32F4xx_HAL_Driver/Src/stm32f4xx_hal_dma.o
                0x00000000080011dc                HAL_DMA_GetState
 .text.HAL_GPIO_Init
                0x00000000080011f8      0x304 Drivers/STM32F4xx_HAL_Driver/Src/stm32f4xx_hal_gpio.o
                0x00000000080011f8                HAL_GPIO_Init
 .text.HAL_GPIO_ReadPin
                0x00000000080014fc       0x30 Drivers/STM32F4xx_HAL_Driver/Src/stm32f4xx_hal_gpio.o
                0x00000000080014fc                HAL_GPIO_ReadPin
 .text.HAL_GPIO_WritePin
                0x000000000800152c       0x32 Drivers/STM32F4xx_HAL_Driver/Src/stm32f4xx_hal_gpio.o
                0x000000000800152c                HAL_GPIO_WritePin
 .text.HAL_GPIO_TogglePin
                0x000000000800155e       0x36 Drivers/STM32F4xx_HAL_Driver/Src/stm32f4xx_hal_gpio.o
                0x000000000800155e                HAL_GPIO_TogglePin
 .text.HAL_I2C_Init
                0x0000000008001594      0x250 Drivers/STM32F4xx_HAL_Driver/Src/stm32f4xx_hal_i2c.o
                0x0000000008001594                HAL_I2C_Init
 .text.HAL_I2C_EV_IRQHandler
                0x00000000080017e4      0x2cc Drivers/STM32F4xx_HAL_Driver/Src/stm32f4xx_hal_i2c.o
                0x00000000080017e4                HAL_I2C_EV_IRQHandler
 .text.HAL_I2C_ER_IRQHandler
                0x0000000008001ab0      0x14a Drivers/STM32F4xx_HAL_Driver/Src/stm32f4xx_hal_i2c.o
                0x0000000008001ab0                HAL_I2C_ER_IRQHandler
 .text.HAL_I2C_MasterTxCpltCallback
                0x0000000008001bfa       0x14 Drivers/STM32F4xx_HAL_Driver/Src/stm32f4xx_hal_i2c.o
                0x0000000008001bfa                HAL_I2C_MasterTxCpltCallback
 .text.HAL_I2C_MasterRxCpltCallback
                0x0000000008001c0e       0x14 Drivers/STM32F4xx_HAL_Driver/Src/stm32f4xx_hal_i2c.o
                0x0000000008001c0e                HAL_I2C_MasterRxCpltCallback
 .text.HAL_I2C_SlaveTxCpltCallback
                0x0000000008001c22       0x14 Drivers/STM32F4xx_HAL_Driver/Src/stm32f4xx_hal_i2c.o
                0x0000000008001c22                HAL_I2C_SlaveTxCpltCallback
 .text.HAL_I2C_SlaveRxCpltCallback
                0x0000000008001c36       0x14 Drivers/STM32F4xx_HAL_Driver/Src/stm32f4xx_hal_i2c.o
                0x0000000008001c36                HAL_I2C_SlaveRxCpltCallback
 .text.HAL_I2C_AddrCallback
                0x0000000008001c4a       0x1c Drivers/STM32F4xx_HAL_Driver/Src/stm32f4xx_hal_i2c.o
                0x0000000008001c4a                HAL_I2C_AddrCallback
 .text.HAL_I2C_ListenCpltCallback
                0x0000000008001c66       0x14 Drivers/STM32F4xx_HAL_Driver/Src/stm32f4xx_hal_i2c.o
                0x0000000008001c66                HAL_I2C_ListenCpltCallback
 .text.HAL_I2C_MemTxCpltCallback
                0x0000000008001c7a       0x14 Drivers/STM32F4xx_HAL_Driver/Src/stm32f4xx_hal_i2c.o
                0x0000000008001c7a                HAL_I2C_MemTxCpltCallback
 .text.HAL_I2C_MemRxCpltCallback
                0x0000000008001c8e       0x14 Drivers/STM32F4xx_HAL_Driver/Src/stm32f4xx_hal_i2c.o
                0x0000000008001c8e                HAL_I2C_MemRxCpltCallback
 .text.HAL_I2C_ErrorCallback
                0x0000000008001ca2       0x14 Drivers/STM32F4xx_HAL_Driver/Src/stm32f4xx_hal_i2c.o
                0x0000000008001ca2                HAL_I2C_ErrorCallback
 .text.HAL_I2C_AbortCpltCallback
                0x0000000008001cb6       0x14 Drivers/STM32F4xx_HAL_Driver/Src/stm32f4xx_hal_i2c.o
                0x0000000008001cb6                HAL_I2C_AbortCpltCallback
 .text.I2C_MasterTransmit_TXE
                0x0000000008001cca      0x1f0 Drivers/STM32F4xx_HAL_Driver/Src/stm32f4xx_hal_i2c.o
 .text.I2C_MasterTransmit_BTF
                0x0000000008001eba       0xec Drivers/STM32F4xx_HAL_Driver/Src/stm32f4xx_hal_i2c.o
 .text.I2C_MasterReceive_RXNE
                0x0000000008001fa6      0x104 Drivers/STM32F4xx_HAL_Driver/Src/stm32f4xx_hal_i2c.o
 .text.I2C_MasterReceive_BTF
                0x00000000080020aa      0x1d4 Drivers/STM32F4xx_HAL_Driver/Src/stm32f4xx_hal_i2c.o
 .text.I2C_Master_SB
                0x000000000800227e      0x10c Drivers/STM32F4xx_HAL_Driver/Src/stm32f4xx_hal_i2c.o
 .text.I2C_Master_ADD10
                0x000000000800238a       0x54 Drivers/STM32F4xx_HAL_Driver/Src/stm32f4xx_hal_i2c.o
 .text.I2C_Master_ADDR
                0x00000000080023de      0x322 Drivers/STM32F4xx_HAL_Driver/Src/stm32f4xx_hal_i2c.o
 .text.I2C_SlaveTransmit_TXE
                0x0000000008002700       0x7a Drivers/STM32F4xx_HAL_Driver/Src/stm32f4xx_hal_i2c.o
 .text.I2C_SlaveTransmit_BTF
                0x000000000800277a       0x42 Drivers/STM32F4xx_HAL_Driver/Src/stm32f4xx_hal_i2c.o
 .text.I2C_SlaveReceive_RXNE
                0x00000000080027bc       0x7c Drivers/STM32F4xx_HAL_Driver/Src/stm32f4xx_hal_i2c.o
 .text.I2C_SlaveReceive_BTF
                0x0000000008002838       0x44 Drivers/STM32F4xx_HAL_Driver/Src/stm32f4xx_hal_i2c.o
 .text.I2C_Slave_ADDR
                0x000000000800287c       0x88 Drivers/STM32F4xx_HAL_Driver/Src/stm32f4xx_hal_i2c.o
 .text.I2C_Slave_STOPF
                0x0000000008002904      0x260 Drivers/STM32F4xx_HAL_Driver/Src/stm32f4xx_hal_i2c.o
 .text.I2C_Slave_AF
                0x0000000008002b64       0xe0 Drivers/STM32F4xx_HAL_Driver/Src/stm32f4xx_hal_i2c.o
 .text.I2C_ITError
                0x0000000008002c44      0x230 Drivers/STM32F4xx_HAL_Driver/Src/stm32f4xx_hal_i2c.o
 .text.I2C_DMAAbort
                0x0000000008002e74       0xde Drivers/STM32F4xx_HAL_Driver/Src/stm32f4xx_hal_i2c.o
 .text.I2C_ConvertOtherXferOptions
                0x0000000008002f52       0x36 Drivers/STM32F4xx_HAL_Driver/Src/stm32f4xx_hal_i2c.o
 .text.HAL_RCC_OscConfig
                0x0000000008002f88      0x484 Drivers/STM32F4xx_HAL_Driver/Src/stm32f4xx_hal_rcc.o
                0x0000000008002f88                HAL_RCC_OscConfig
 .text.HAL_RCC_ClockConfig
                0x000000000800340c      0x1c4 Drivers/STM32F4xx_HAL_Driver/Src/stm32f4xx_hal_rcc.o
                0x000000000800340c                HAL_RCC_ClockConfig
 .text.HAL_RCC_GetSysClockFreq
                0x00000000080035d0      0x164 Drivers/STM32F4xx_HAL_Driver/Src/stm32f4xx_hal_rcc.o
                0x00000000080035d0                HAL_RCC_GetSysClockFreq
 .text.HAL_RCC_GetHCLKFreq
                0x0000000008003734       0x18 Drivers/STM32F4xx_HAL_Driver/Src/stm32f4xx_hal_rcc.o
                0x0000000008003734                HAL_RCC_GetHCLKFreq
 .text.HAL_RCC_GetPCLK1Freq
                0x000000000800374c       0x28 Drivers/STM32F4xx_HAL_Driver/Src/stm32f4xx_hal_rcc.o
                0x000000000800374c                HAL_RCC_GetPCLK1Freq
 .text.HAL_RCC_GetPCLK2Freq
                0x0000000008003774       0x28 Drivers/STM32F4xx_HAL_Driver/Src/stm32f4xx_hal_rcc.o
                0x0000000008003774                HAL_RCC_GetPCLK2Freq
 .text.HAL_RCC_GetClockConfig
                0x000000000800379c       0x64 Drivers/STM32F4xx_HAL_Driver/Src/stm32f4xx_hal_rcc.o
                0x000000000800379c                HAL_RCC_GetClockConfig
 .text.HAL_SPI_Init
                0x0000000008003800       0xc8 Drivers/STM32F4xx_HAL_Driver/Src/stm32f4xx_hal_spi.o
                0x0000000008003800                HAL_SPI_Init
 .text.HAL_TIM_Base_Init
                0x00000000080038c8       0x56 Drivers/STM32F4xx_HAL_Driver/Src/stm32f4xx_hal_tim.o
                0x00000000080038c8                HAL_TIM_Base_Init
 .text.HAL_TIM_Base_DeInit
                0x000000000800391e       0x60 Drivers/STM32F4xx_HAL_Driver/Src/stm32f4xx_hal_tim.o
                0x000000000800391e                HAL_TIM_Base_DeInit
 .text.HAL_TIM_Base_Start_IT
                0x000000000800397e       0x48 Drivers/STM32F4xx_HAL_Driver/Src/stm32f4xx_hal_tim.o
                0x000000000800397e                HAL_TIM_Base_Start_IT
 .text.HAL_TIM_PWM_Init
                0x00000000080039c6       0x56 Drivers/STM32F4xx_HAL_Driver/Src/stm32f4xx_hal_tim.o
                0x00000000080039c6                HAL_TIM_PWM_Init
 .text.HAL_TIM_PWM_MspInit
                0x0000000008003a1c       0x14 Drivers/STM32F4xx_HAL_Driver/Src/stm32f4xx_hal_tim.o
                0x0000000008003a1c                HAL_TIM_PWM_MspInit
 .text.HAL_TIM_IC_Init
                0x0000000008003a30       0x56 Drivers/STM32F4xx_HAL_Driver/Src/stm32f4xx_hal_tim.o
                0x0000000008003a30                HAL_TIM_IC_Init
 .text.HAL_TIM_IRQHandler
                0x0000000008003a86      0x210 Drivers/STM32F4xx_HAL_Driver/Src/stm32f4xx_hal_tim.o
                0x0000000008003a86                HAL_TIM_IRQHandler
 .text.HAL_TIM_IC_ConfigChannel
                0x0000000008003c96      0x138 Drivers/STM32F4xx_HAL_Driver/Src/stm32f4xx_hal_tim.o
                0x0000000008003c96                HAL_TIM_IC_ConfigChannel
 *fill*         0x0000000008003dce        0x2 
 .text.HAL_TIM_PWM_ConfigChannel
                0x0000000008003dd0      0x18c Drivers/STM32F4xx_HAL_Driver/Src/stm32f4xx_hal_tim.o
                0x0000000008003dd0                HAL_TIM_PWM_ConfigChannel
 .text.HAL_TIM_ConfigClockSource
                0x0000000008003f5c      0x16e Drivers/STM32F4xx_HAL_Driver/Src/stm32f4xx_hal_tim.o
                0x0000000008003f5c                HAL_TIM_ConfigClockSource
 .text.HAL_TIM_OC_DelayElapsedCallback
                0x00000000080040ca       0x14 Drivers/STM32F4xx_HAL_Driver/Src/stm32f4xx_hal_tim.o
                0x00000000080040ca                HAL_TIM_OC_DelayElapsedCallback
 .text.HAL_TIM_IC_CaptureCallback
                0x00000000080040de       0x14 Drivers/STM32F4xx_HAL_Driver/Src/stm32f4xx_hal_tim.o
                0x00000000080040de                HAL_TIM_IC_CaptureCallback
 .text.HAL_TIM_PWM_PulseFinishedCallback
                0x00000000080040f2       0x14 Drivers/STM32F4xx_HAL_Driver/Src/stm32f4xx_hal_tim.o
                0x00000000080040f2                HAL_TIM_PWM_PulseFinishedCallback
 .text.HAL_TIM_TriggerCallback
                0x0000000008004106       0x14 Drivers/STM32F4xx_HAL_Driver/Src/stm32f4xx_hal_tim.o
                0x0000000008004106                HAL_TIM_TriggerCallback
 *fill*         0x000000000800411a        0x2 
 .text.TIM_Base_SetConfig
                0x000000000800411c      0x100 Drivers/STM32F4xx_HAL_Driver/Src/stm32f4xx_hal_tim.o
                0x000000000800411c                TIM_Base_SetConfig
 .text.TIM_OC1_SetConfig
                0x000000000800421c       0xcc Drivers/STM32F4xx_HAL_Driver/Src/stm32f4xx_hal_tim.o
 .text.TIM_OC2_SetConfig
                0x00000000080042e8       0xd8 Drivers/STM32F4xx_HAL_Driver/Src/stm32f4xx_hal_tim.o
                0x00000000080042e8                TIM_OC2_SetConfig
 .text.TIM_OC3_SetConfig
                0x00000000080043c0       0xd4 Drivers/STM32F4xx_HAL_Driver/Src/stm32f4xx_hal_tim.o
 .text.TIM_OC4_SetConfig
                0x0000000008004494       0xa0 Drivers/STM32F4xx_HAL_Driver/Src/stm32f4xx_hal_tim.o
 .text.TIM_TI1_SetConfig
                0x0000000008004534       0xd0 Drivers/STM32F4xx_HAL_Driver/Src/stm32f4xx_hal_tim.o
                0x0000000008004534                TIM_TI1_SetConfig
 .text.TIM_TI1_ConfigInputStage
                0x0000000008004604       0x5e Drivers/STM32F4xx_HAL_Driver/Src/stm32f4xx_hal_tim.o
 .text.TIM_TI2_SetConfig
                0x0000000008004662       0x7a Drivers/STM32F4xx_HAL_Driver/Src/stm32f4xx_hal_tim.o
 .text.TIM_TI2_ConfigInputStage
                0x00000000080046dc       0x60 Drivers/STM32F4xx_HAL_Driver/Src/stm32f4xx_hal_tim.o
 .text.TIM_TI3_SetConfig
                0x000000000800473c       0x78 Drivers/STM32F4xx_HAL_Driver/Src/stm32f4xx_hal_tim.o
 .text.TIM_TI4_SetConfig
                0x00000000080047b4       0x7a Drivers/STM32F4xx_HAL_Driver/Src/stm32f4xx_hal_tim.o
 .text.TIM_ITRx_SetConfig
                0x000000000800482e       0x36 Drivers/STM32F4xx_HAL_Driver/Src/stm32f4xx_hal_tim.o
 .text.TIM_ETR_SetConfig
                0x0000000008004864       0x40 Drivers/STM32F4xx_HAL_Driver/Src/stm32f4xx_hal_tim.o
                0x0000000008004864                TIM_ETR_SetConfig
 .text.HAL_TIMEx_MasterConfigSynchronization
                0x00000000080048a4       0x8a Drivers/STM32F4xx_HAL_Driver/Src/stm32f4xx_hal_tim_ex.o
                0x00000000080048a4                HAL_TIMEx_MasterConfigSynchronization
 .text.HAL_TIMEx_ConfigBreakDeadTime
                0x000000000800492e       0xa4 Drivers/STM32F4xx_HAL_Driver/Src/stm32f4xx_hal_tim_ex.o
                0x000000000800492e                HAL_TIMEx_ConfigBreakDeadTime
 .text.HAL_TIMEx_CommutCallback
                0x00000000080049d2       0x14 Drivers/STM32F4xx_HAL_Driver/Src/stm32f4xx_hal_tim_ex.o
                0x00000000080049d2                HAL_TIMEx_CommutCallback
 .text.HAL_TIMEx_BreakCallback
                0x00000000080049e6       0x14 Drivers/STM32F4xx_HAL_Driver/Src/stm32f4xx_hal_tim_ex.o
                0x00000000080049e6                HAL_TIMEx_BreakCallback
 .text.HAL_UART_Init
                0x00000000080049fa       0x9a Drivers/STM32F4xx_HAL_Driver/Src/stm32f4xx_hal_uart.o
                0x00000000080049fa                HAL_UART_Init
 .text.HAL_UART_Transmit
                0x0000000008004a94      0x132 Drivers/STM32F4xx_HAL_Driver/Src/stm32f4xx_hal_uart.o
                0x0000000008004a94                HAL_UART_Transmit
 .text.HAL_UART_Receive
                0x0000000008004bc6      0x14c Drivers/STM32F4xx_HAL_Driver/Src/stm32f4xx_hal_uart.o
                0x0000000008004bc6                HAL_UART_Receive
 .text.HAL_UART_Receive_IT
                0x0000000008004d12       0xaa Drivers/STM32F4xx_HAL_Driver/Src/stm32f4xx_hal_uart.o
                0x0000000008004d12                HAL_UART_Receive_IT
 .text.HAL_UART_IRQHandler
                0x0000000008004dbc      0x1f8 Drivers/STM32F4xx_HAL_Driver/Src/stm32f4xx_hal_uart.o
                0x0000000008004dbc                HAL_UART_IRQHandler
 .text.HAL_UART_TxCpltCallback
                0x0000000008004fb4       0x14 Drivers/STM32F4xx_HAL_Driver/Src/stm32f4xx_hal_uart.o
                0x0000000008004fb4                HAL_UART_TxCpltCallback
 .text.HAL_UART_ErrorCallback
                0x0000000008004fc8       0x14 Drivers/STM32F4xx_HAL_Driver/Src/stm32f4xx_hal_uart.o
                0x0000000008004fc8                HAL_UART_ErrorCallback
 .text.UART_WaitOnFlagUntilTimeout
                0x0000000008004fdc       0x94 Drivers/STM32F4xx_HAL_Driver/Src/stm32f4xx_hal_uart.o
 .text.UART_EndRxTransfer
                0x0000000008005070       0x3c Drivers/STM32F4xx_HAL_Driver/Src/stm32f4xx_hal_uart.o
 .text.UART_DMAAbortOnError
                0x00000000080050ac       0x28 Drivers/STM32F4xx_HAL_Driver/Src/stm32f4xx_hal_uart.o
 .text.UART_Transmit_IT
                0x00000000080050d4       0xac Drivers/STM32F4xx_HAL_Driver/Src/stm32f4xx_hal_uart.o
 .text.UART_EndTransmit_IT
                0x0000000008005180       0x30 Drivers/STM32F4xx_HAL_Driver/Src/stm32f4xx_hal_uart.o
 .text.UART_Receive_IT
                0x00000000080051b0      0x102 Drivers/STM32F4xx_HAL_Driver/Src/stm32f4xx_hal_uart.o
 *fill*         0x00000000080052b2        0x2 
 .text.UART_SetConfig
                0x00000000080052b4      0x414 Drivers/STM32F4xx_HAL_Driver/Src/stm32f4xx_hal_uart.o
 .text.makeFreeRtosPriority
                0x00000000080056c8       0x30 Middlewares/Third_Party/FreeRTOS/Source/CMSIS_RTOS/cmsis_os.o
 .text.osKernelStart
                0x00000000080056f8        0xe Middlewares/Third_Party/FreeRTOS/Source/CMSIS_RTOS/cmsis_os.o
                0x00000000080056f8                osKernelStart
 .text.osThreadCreate
                0x0000000008005706       0x98 Middlewares/Third_Party/FreeRTOS/Source/CMSIS_RTOS/cmsis_os.o
                0x0000000008005706                osThreadCreate
 .text.osDelay  0x000000000800579e       0x28 Middlewares/Third_Party/FreeRTOS/Source/CMSIS_RTOS/cmsis_os.o
                0x000000000800579e                osDelay
 .text.vListInitialise
                0x00000000080057c6       0x40 Middlewares/Third_Party/FreeRTOS/Source/list.o
                0x00000000080057c6                vListInitialise
 .text.vListInitialiseItem
                0x0000000008005806       0x1a Middlewares/Third_Party/FreeRTOS/Source/list.o
                0x0000000008005806                vListInitialiseItem
 .text.vListInsertEnd
                0x0000000008005820       0x48 Middlewares/Third_Party/FreeRTOS/Source/list.o
                0x0000000008005820                vListInsertEnd
 .text.vListInsert
                0x0000000008005868       0x72 Middlewares/Third_Party/FreeRTOS/Source/list.o
                0x0000000008005868                vListInsert
 .text.uxListRemove
                0x00000000080058da       0x54 Middlewares/Third_Party/FreeRTOS/Source/list.o
                0x00000000080058da                uxListRemove
 .text.xTaskCreateStatic
                0x000000000800592e       0xb2 Middlewares/Third_Party/FreeRTOS/Source/tasks.o
                0x000000000800592e                xTaskCreateStatic
 .text.xTaskCreate
                0x00000000080059e0       0x8a Middlewares/Third_Party/FreeRTOS/Source/tasks.o
                0x00000000080059e0                xTaskCreate
 .text.prvInitialiseNewTask
                0x0000000008005a6a       0xfc Middlewares/Third_Party/FreeRTOS/Source/tasks.o
 *fill*         0x0000000008005b66        0x2 
 .text.prvAddNewTaskToReadyList
                0x0000000008005b68       0xd4 Middlewares/Third_Party/FreeRTOS/Source/tasks.o
 .text.vTaskDelay
                0x0000000008005c3c       0x68 Middlewares/Third_Party/FreeRTOS/Source/tasks.o
                0x0000000008005c3c                vTaskDelay
 .text.vTaskStartScheduler
                0x0000000008005ca4       0xbc Middlewares/Third_Party/FreeRTOS/Source/tasks.o
                0x0000000008005ca4                vTaskStartScheduler
 .text.vTaskSuspendAll
                0x0000000008005d60       0x1c Middlewares/Third_Party/FreeRTOS/Source/tasks.o
                0x0000000008005d60                vTaskSuspendAll
 .text.xTaskResumeAll
                0x0000000008005d7c      0x138 Middlewares/Third_Party/FreeRTOS/Source/tasks.o
                0x0000000008005d7c                xTaskResumeAll
 .text.xTaskIncrementTick
                0x0000000008005eb4      0x178 Middlewares/Third_Party/FreeRTOS/Source/tasks.o
                0x0000000008005eb4                xTaskIncrementTick
 .text.vTaskSwitchContext
                0x000000000800602c       0xb4 Middlewares/Third_Party/FreeRTOS/Source/tasks.o
                0x000000000800602c                vTaskSwitchContext
 .text.prvIdleTask
                0x00000000080060e0       0x30 Middlewares/Third_Party/FreeRTOS/Source/tasks.o
 .text.prvInitialiseTaskLists
                0x0000000008006110       0x80 Middlewares/Third_Party/FreeRTOS/Source/tasks.o
 .text.prvCheckTasksWaitingTermination
                0x0000000008006190       0x58 Middlewares/Third_Party/FreeRTOS/Source/tasks.o
 .text.prvDeleteTCB
                0x00000000080061e8       0x5c Middlewares/Third_Party/FreeRTOS/Source/tasks.o
 .text.prvResetNextTaskUnblockTime
                0x0000000008006244       0x4c Middlewares/Third_Party/FreeRTOS/Source/tasks.o
 .text.prvAddCurrentTaskToDelayedList
                0x0000000008006290       0xcc Middlewares/Third_Party/FreeRTOS/Source/tasks.o
 .text.pxPortInitialiseStack
                0x000000000800635c       0x68 Middlewares/Third_Party/FreeRTOS/Source/portable/GCC/ARM_CM4F/port.o
                0x000000000800635c                pxPortInitialiseStack
 .text.prvTaskExitError
                0x00000000080063c4       0x54 Middlewares/Third_Party/FreeRTOS/Source/portable/GCC/ARM_CM4F/port.o
 *fill*         0x0000000008006418        0x8 
 .text.SVC_Handler
                0x0000000008006420       0x28 Middlewares/Third_Party/FreeRTOS/Source/portable/GCC/ARM_CM4F/port.o
                0x0000000008006420                SVC_Handler
 .text.prvPortStartFirstTask
                0x0000000008006448       0x28 Middlewares/Third_Party/FreeRTOS/Source/portable/GCC/ARM_CM4F/port.o
 .text.xPortStartScheduler
                0x0000000008006470      0x13c Middlewares/Third_Party/FreeRTOS/Source/portable/GCC/ARM_CM4F/port.o
                0x0000000008006470                xPortStartScheduler
 .text.vPortEnterCritical
                0x00000000080065ac       0x5c Middlewares/Third_Party/FreeRTOS/Source/portable/GCC/ARM_CM4F/port.o
                0x00000000080065ac                vPortEnterCritical
 .text.vPortExitCritical
                0x0000000008006608       0x50 Middlewares/Third_Party/FreeRTOS/Source/portable/GCC/ARM_CM4F/port.o
                0x0000000008006608                vPortExitCritical
 *fill*         0x0000000008006658        0x8 
 .text.PendSV_Handler
                0x0000000008006660       0x68 Middlewares/Third_Party/FreeRTOS/Source/portable/GCC/ARM_CM4F/port.o
                0x0000000008006660                PendSV_Handler
 .text.SysTick_Handler
                0x00000000080066c8       0x40 Middlewares/Third_Party/FreeRTOS/Source/portable/GCC/ARM_CM4F/port.o
                0x00000000080066c8                SysTick_Handler
 .text.vPortSetupTimerInterrupt
                0x0000000008006708       0x48 Middlewares/Third_Party/FreeRTOS/Source/portable/GCC/ARM_CM4F/port.o
                0x0000000008006708                vPortSetupTimerInterrupt
 .text.vPortEnableVFP
                0x0000000008006750       0x14 Middlewares/Third_Party/FreeRTOS/Source/portable/GCC/ARM_CM4F/port.o
 .text.pvPortMalloc
                0x0000000008006764      0x184 Middlewares/Third_Party/FreeRTOS/Source/portable/MemMang/heap_4.o
                0x0000000008006764                pvPortMalloc
 .text.vPortFree
                0x00000000080068e8       0xb0 Middlewares/Third_Party/FreeRTOS/Source/portable/MemMang/heap_4.o
                0x00000000080068e8                vPortFree
 .text.prvHeapInit
                0x0000000008006998       0xc4 Middlewares/Third_Party/FreeRTOS/Source/portable/MemMang/heap_4.o
 .text.prvInsertBlockIntoFreeList
                0x0000000008006a5c       0xb4 Middlewares/Third_Party/FreeRTOS/Source/portable/MemMang/heap_4.o
 .text.HAL_TIM_PeriodElapsedCallback
                0x0000000008006b10      0x178 Src/IRremote.o
                0x0000000008006b10                HAL_TIM_PeriodElapsedCallback
 .text.MATCH    0x0000000008006c88       0xa8 Src/IRremote.o
                0x0000000008006c88                MATCH
 .text.MATCH_MARK
                0x0000000008006d30       0xb0 Src/IRremote.o
                0x0000000008006d30                MATCH_MARK
 .text.MATCH_SPACE
                0x0000000008006de0       0xb0 Src/IRremote.o
                0x0000000008006de0                MATCH_SPACE
 .text.my_decode
                0x0000000008006e90      0x12c Src/IRremote.o
                0x0000000008006e90                my_decode
 .text.my_enableIRIn
                0x0000000008006fbc       0x98 Src/IRremote.o
                0x0000000008006fbc                my_enableIRIn
 .text.my_resume
                0x0000000008007054       0x20 Src/IRremote.o
                0x0000000008007054                my_resume
 *fill*         0x0000000008007074        0x4 
 .text.compare  0x0000000008007078       0x80 Src/IRremote.o
                0x0000000008007078                compare
 .text.decodeHash
                0x00000000080070f8       0xa0 Src/IRremote.o
                0x00000000080070f8                decodeHash
 .text.fan_12_run
                0x0000000008007198       0x9c Src/fan.o
                0x0000000008007198                fan_12_run
 .text.vApplicationGetIdleTaskMemory
                0x0000000008007234       0x34 Src/freertos.o
                0x0000000008007234                vApplicationGetIdleTaskMemory
 .text.DWT_Init
                0x0000000008007268       0x30 Src/irSend.o
                0x0000000008007268                DWT_Init
 .text.decodeAiwaRCT501
                0x0000000008007298      0x13c Src/ir_Aiwa.o
                0x0000000008007298                decodeAiwaRCT501
 .text.decodeDenon
                0x00000000080073d4      0x11c Src/ir_Denon.o
                0x00000000080073d4                decodeDenon
 .text.decodeJVC
                0x00000000080074f0      0x1a8 Src/ir_JVC.o
                0x00000000080074f0                decodeJVC
 .text.decodeLG
                0x0000000008007698      0x140 Src/ir_LG.o
                0x0000000008007698                decodeLG
 .text.decodeMitsubishi
                0x00000000080077d8      0x11c Src/ir_Mitsubishi.o
                0x00000000080077d8                decodeMitsubishi
 .text.decodeNEC
                0x00000000080078f4      0x184 Src/ir_NEC.o
                0x00000000080078f4                decodeNEC
 .text.decodePanasonic
                0x0000000008007a78      0x14c Src/ir_Panasonic.o
                0x0000000008007a78                decodePanasonic
 .text.getRClevel
                0x0000000008007bc4       0xe0 Src/ir_RC5_RC6.o
                0x0000000008007bc4                getRClevel
 .text.decodeRC5
                0x0000000008007ca4      0x10c Src/ir_RC5_RC6.o
                0x0000000008007ca4                decodeRC5
 .text.decodeRC6
                0x0000000008007db0      0x17e Src/ir_RC5_RC6.o
                0x0000000008007db0                decodeRC6
 *fill*         0x0000000008007f2e        0x2 
 .text.decodeSAMSUNG
                0x0000000008007f30      0x180 Src/ir_Samsung.o
                0x0000000008007f30                decodeSAMSUNG
 .text.decodeSanyo
                0x00000000080080b0      0x168 Src/ir_Sanyo.o
                0x00000000080080b0                decodeSanyo
 .text.decodeSony
                0x0000000008008218      0x144 Src/ir_Sony.o
                0x0000000008008218                decodeSony
 .text.decodeWhynter
                0x000000000800835c      0x18c Src/ir_Whynter.o
                0x000000000800835c                decodeWhynter
 .text.HAL_UART_RxCpltCallback
                0x00000000080084e8       0x98 Src/main.o
                0x00000000080084e8                HAL_UART_RxCpltCallback
 .text.receive_handler
                0x0000000008008580       0x24 Src/main.o
 .text.init_MQTT
                0x00000000080085a4      0x1ac Src/main.o
                0x00000000080085a4                init_MQTT
 .text.Subcribes_MQTT
                0x0000000008008750      0x128 Src/main.o
                0x0000000008008750                Subcribes_MQTT
 .text.main     0x0000000008008878      0x170 Src/main.o
                0x0000000008008878                main
 .text.SystemClock_Config
                0x00000000080089e8       0xd4 Src/main.o
                0x00000000080089e8                SystemClock_Config
 .text.MX_I2C1_Init
                0x0000000008008abc       0x5c Src/main.o
 .text.MX_I2C2_Init
                0x0000000008008b18       0x5c Src/main.o
 .text.MX_SPI2_Init
                0x0000000008008b74       0x6c Src/main.o
 .text.MX_SPI3_Init
                0x0000000008008be0       0x6c Src/main.o
 .text.MX_TIM1_Init
                0x0000000008008c4c      0x148 Src/main.o
 .text.MX_TIM2_Init
                0x0000000008008d94       0xe8 Src/main.o
 .text.MX_TIM3_Init
                0x0000000008008e7c       0x98 Src/main.o
 .text.MX_USART1_UART_Init
                0x0000000008008f14       0x54 Src/main.o
 .text.MX_USART2_UART_Init
                0x0000000008008f68       0x54 Src/main.o
 .text.MX_USART6_UART_Init
                0x0000000008008fbc       0x54 Src/main.o
 .text.MX_GPIO_Init
                0x0000000008009010      0x128 Src/main.o
 .text.StartSensor_Task
                0x0000000008009138       0x12 Src/main.o
                0x0000000008009138                StartSensor_Task
 *fill*         0x000000000800914a        0x2 
 .text.StartControl_Task
                0x000000000800914c       0x88 Src/main.o
                0x000000000800914c                StartControl_Task
 .text.StartDisplay_task
                0x00000000080091d4       0x12 Src/main.o
                0x00000000080091d4                StartDisplay_task
 .text.StartServer_task
                0x00000000080091e6       0x12 Src/main.o
                0x00000000080091e6                StartServer_task
 .text.Error_Handler
                0x00000000080091f8        0xe Src/main.o
                0x00000000080091f8                Error_Handler
 *fill*         0x0000000008009206        0x2 
 .text.HAL_MspInit
                0x0000000008009208       0x58 Src/stm32f4xx_hal_msp.o
                0x0000000008009208                HAL_MspInit
 .text.HAL_I2C_MspInit
                0x0000000008009260      0x138 Src/stm32f4xx_hal_msp.o
                0x0000000008009260                HAL_I2C_MspInit
 .text.HAL_SPI_MspInit
                0x0000000008009398      0x178 Src/stm32f4xx_hal_msp.o
                0x0000000008009398                HAL_SPI_MspInit
 .text.HAL_TIM_IC_MspInit
                0x0000000008009510       0xa0 Src/stm32f4xx_hal_msp.o
                0x0000000008009510                HAL_TIM_IC_MspInit
 .text.HAL_TIM_Base_MspInit
                0x00000000080095b0       0x88 Src/stm32f4xx_hal_msp.o
                0x00000000080095b0                HAL_TIM_Base_MspInit
 .text.HAL_TIM_MspPostInit
                0x0000000008009638       0xbc Src/stm32f4xx_hal_msp.o
                0x0000000008009638                HAL_TIM_MspPostInit
 .text.HAL_TIM_Base_MspDeInit
                0x00000000080096f4       0x54 Src/stm32f4xx_hal_msp.o
                0x00000000080096f4                HAL_TIM_Base_MspDeInit
 .text.HAL_UART_MspInit
                0x0000000008009748      0x184 Src/stm32f4xx_hal_msp.o
                0x0000000008009748                HAL_UART_MspInit
 .text.HAL_InitTick
                0x00000000080098cc       0xb4 Src/stm32f4xx_hal_timebase_tim.o
                0x00000000080098cc                HAL_InitTick
 .text.NMI_Handler
                0x0000000008009980        0xe Src/stm32f4xx_it.o
                0x0000000008009980                NMI_Handler
 .text.HardFault_Handler
                0x000000000800998e        0x6 Src/stm32f4xx_it.o
                0x000000000800998e                HardFault_Handler
 .text.MemManage_Handler
                0x0000000008009994        0x6 Src/stm32f4xx_it.o
                0x0000000008009994                MemManage_Handler
 .text.BusFault_Handler
                0x000000000800999a        0x6 Src/stm32f4xx_it.o
                0x000000000800999a                BusFault_Handler
 .text.UsageFault_Handler
                0x00000000080099a0        0x6 Src/stm32f4xx_it.o
                0x00000000080099a0                UsageFault_Handler
 .text.DebugMon_Handler
                0x00000000080099a6        0xe Src/stm32f4xx_it.o
                0x00000000080099a6                DebugMon_Handler
 .text.TIM1_CC_IRQHandler
                0x00000000080099b4       0x14 Src/stm32f4xx_it.o
                0x00000000080099b4                TIM1_CC_IRQHandler
 .text.TIM2_IRQHandler
                0x00000000080099c8       0x14 Src/stm32f4xx_it.o
                0x00000000080099c8                TIM2_IRQHandler
 .text.TIM3_IRQHandler
                0x00000000080099dc       0x14 Src/stm32f4xx_it.o
                0x00000000080099dc                TIM3_IRQHandler
 .text.TIM4_IRQHandler
                0x00000000080099f0       0x14 Src/stm32f4xx_it.o
                0x00000000080099f0                TIM4_IRQHandler
 .text.I2C1_EV_IRQHandler
                0x0000000008009a04       0x14 Src/stm32f4xx_it.o
                0x0000000008009a04                I2C1_EV_IRQHandler
 .text.I2C1_ER_IRQHandler
                0x0000000008009a18       0x14 Src/stm32f4xx_it.o
                0x0000000008009a18                I2C1_ER_IRQHandler
 .text.USART1_IRQHandler
                0x0000000008009a2c       0x14 Src/stm32f4xx_it.o
                0x0000000008009a2c                USART1_IRQHandler
 .text.USART2_IRQHandler
                0x0000000008009a40       0x14 Src/stm32f4xx_it.o
                0x0000000008009a40                USART2_IRQHandler
 .text._read    0x0000000008009a54       0x3a Src/syscalls.o
                0x0000000008009a54                _read
 .text._write   0x0000000008009a8e       0x38 Src/syscalls.o
                0x0000000008009a8e                _write
 .text._close   0x0000000008009ac6       0x18 Src/syscalls.o
                0x0000000008009ac6                _close
 .text._fstat   0x0000000008009ade       0x20 Src/syscalls.o
                0x0000000008009ade                _fstat
 .text._isatty  0x0000000008009afe       0x16 Src/syscalls.o
                0x0000000008009afe                _isatty
 .text._lseek   0x0000000008009b14       0x1a Src/syscalls.o
                0x0000000008009b14                _lseek
 *fill*         0x0000000008009b2e        0x2 
 .text._sbrk    0x0000000008009b30       0x58 Src/sysmem.o
                0x0000000008009b30                _sbrk
 .text.SystemInit
                0x0000000008009b88       0x6c Src/system_stm32f4xx.o
                0x0000000008009b88                SystemInit
 .text.TimerInit
                0x0000000008009bf4       0x20 Src/amw/amw_uart.o
                0x0000000008009bf4                TimerInit
 .text.TimerIsExpired
                0x0000000008009c14       0x5a Src/amw/amw_uart.o
                0x0000000008009c14                TimerIsExpired
 .text.TimerCountdownMS
                0x0000000008009c6e       0x42 Src/amw/amw_uart.o
                0x0000000008009c6e                TimerCountdownMS
 .text.TimerCountdown
                0x0000000008009cb0       0x4a Src/amw/amw_uart.o
                0x0000000008009cb0                TimerCountdown
 .text.TimerLeftMS
                0x0000000008009cfa       0x52 Src/amw/amw_uart.o
                0x0000000008009cfa                TimerLeftMS
 .text.amw_write
                0x0000000008009d4c       0x3c Src/amw/amw_uart.o
                0x0000000008009d4c                amw_write
 .text.getCmdResponse
                0x0000000008009d88       0xb0 Src/amw/amw_uart.o
                0x0000000008009d88                getCmdResponse
 .text.OsWrapper_read
                0x0000000008009e38       0xc8 Src/amw/amw_uart.o
                0x0000000008009e38                OsWrapper_read
 .text.OsWrapper_write
                0x0000000008009f00       0x78 Src/amw/amw_uart.o
                0x0000000008009f00                OsWrapper_write
 .text.setupNetwork
                0x0000000008009f78       0xb0 Src/amw/amw_uart.o
                0x0000000008009f78                setupNetwork
 .text.checkNetworkStatus
                0x000000000800a028       0xa4 Src/amw/amw_uart.o
                0x000000000800a028                checkNetworkStatus
 .text.NetworkInit
                0x000000000800a0cc       0xbc Src/amw/amw_uart.o
                0x000000000800a0cc                NetworkInit
 .text.NetworkConnect
                0x000000000800a188       0xb4 Src/amw/amw_uart.o
                0x000000000800a188                NetworkConnect
 .text.NetworkDisconnect
                0x000000000800a23c       0x60 Src/amw/amw_uart.o
                0x000000000800a23c                NetworkDisconnect
 .text.NewMessageData
                0x000000000800a29c       0x24 Src/mqtt/MQTTClient.o
 .text.getNextPacketId
                0x000000000800a2c0       0x32 Src/mqtt/MQTTClient.o
 .text.sendPacket
                0x000000000800a2f2       0x92 Src/mqtt/MQTTClient.o
 .text.MQTTClientInit
                0x000000000800a384       0x7c Src/mqtt/MQTTClient.o
                0x000000000800a384                MQTTClientInit
 .text.decodePacket
                0x000000000800a400       0x88 Src/mqtt/MQTTClient.o
 .text.readPacket
                0x000000000800a488       0xc8 Src/mqtt/MQTTClient.o
 .text.isTopicMatched
                0x000000000800a550       0xd2 Src/mqtt/MQTTClient.o
 .text.deliverMessage
                0x000000000800a622       0xd6 Src/mqtt/MQTTClient.o
                0x000000000800a622                deliverMessage
 .text.keepalive
                0x000000000800a6f8       0x8e Src/mqtt/MQTTClient.o
                0x000000000800a6f8                keepalive
 *fill*         0x000000000800a786        0x2 
 .text.cycle    0x000000000800a788      0x1c8 Src/mqtt/MQTTClient.o
                0x000000000800a788                cycle
 .text.waitfor  0x000000000800a950       0x3e Src/mqtt/MQTTClient.o
                0x000000000800a950                waitfor
 *fill*         0x000000000800a98e        0x2 
 .text.MQTTConnect
                0x000000000800a990      0x10c Src/mqtt/MQTTClient.o
                0x000000000800a990                MQTTConnect
 .text.MQTTSubscribe
                0x000000000800aa9c      0x154 Src/mqtt/MQTTClient.o
                0x000000000800aa9c                MQTTSubscribe
 .text.MQTTSerialize_connectLength
                0x000000000800abf0       0xc2 Src/mqtt/MQTTConnectClient.o
                0x000000000800abf0                MQTTSerialize_connectLength
 *fill*         0x000000000800acb2        0x2 
 .text.MQTTSerialize_connect
                0x000000000800acb4      0x1dc Src/mqtt/MQTTConnectClient.o
                0x000000000800acb4                MQTTSerialize_connect
 .text.MQTTDeserialize_connack
                0x000000000800ae90       0xaa Src/mqtt/MQTTConnectClient.o
                0x000000000800ae90                MQTTDeserialize_connack
 .text.MQTTSerialize_zero
                0x000000000800af3a       0x72 Src/mqtt/MQTTConnectClient.o
                0x000000000800af3a                MQTTSerialize_zero
 .text.MQTTSerialize_pingreq
                0x000000000800afac       0x1e Src/mqtt/MQTTConnectClient.o
                0x000000000800afac                MQTTSerialize_pingreq
 .text.MQTTDeserialize_publish
                0x000000000800afca       0xe4 Src/mqtt/MQTTDeserializePublish.o
                0x000000000800afca                MQTTDeserialize_publish
 .text.MQTTDeserialize_ack
                0x000000000800b0ae       0x96 Src/mqtt/MQTTDeserializePublish.o
                0x000000000800b0ae                MQTTDeserialize_ack
 .text.MQTTPacket_encode
                0x000000000800b144       0x5e Src/mqtt/MQTTPacket.o
                0x000000000800b144                MQTTPacket_encode
 .text.MQTTPacket_decode
                0x000000000800b1a2       0x78 Src/mqtt/MQTTPacket.o
                0x000000000800b1a2                MQTTPacket_decode
 *fill*         0x000000000800b21a        0x2 
 .text.MQTTPacket_len
                0x000000000800b21c       0x54 Src/mqtt/MQTTPacket.o
                0x000000000800b21c                MQTTPacket_len
 .text.bufchar  0x000000000800b270       0x40 Src/mqtt/MQTTPacket.o
                0x000000000800b270                bufchar
 .text.MQTTPacket_decodeBuf
                0x000000000800b2b0       0x2c Src/mqtt/MQTTPacket.o
                0x000000000800b2b0                MQTTPacket_decodeBuf
 .text.readInt  0x000000000800b2dc       0x36 Src/mqtt/MQTTPacket.o
                0x000000000800b2dc                readInt
 .text.readChar
                0x000000000800b312       0x28 Src/mqtt/MQTTPacket.o
                0x000000000800b312                readChar
 .text.writeChar
                0x000000000800b33a       0x2a Src/mqtt/MQTTPacket.o
                0x000000000800b33a                writeChar
 .text.writeInt
                0x000000000800b364       0x52 Src/mqtt/MQTTPacket.o
                0x000000000800b364                writeInt
 .text.writeCString
                0x000000000800b3b6       0x3e Src/mqtt/MQTTPacket.o
                0x000000000800b3b6                writeCString
 .text.writeMQTTString
                0x000000000800b3f4       0x5c Src/mqtt/MQTTPacket.o
                0x000000000800b3f4                writeMQTTString
 .text.readMQTTLenString
                0x000000000800b450       0x62 Src/mqtt/MQTTPacket.o
                0x000000000800b450                readMQTTLenString
 .text.MQTTstrlen
                0x000000000800b4b2       0x32 Src/mqtt/MQTTPacket.o
                0x000000000800b4b2                MQTTstrlen
 .text.MQTTPacket_equals
                0x000000000800b4e4       0x6e Src/mqtt/MQTTPacket.o
                0x000000000800b4e4                MQTTPacket_equals
 .text.MQTTSerialize_ack
                0x000000000800b552       0x9a Src/mqtt/MQTTSerializePublish.o
                0x000000000800b552                MQTTSerialize_ack
 .text.MQTTSerialize_subscribeLength
                0x000000000800b5ec       0x4e Src/mqtt/MQTTSubscribeClient.o
                0x000000000800b5ec                MQTTSerialize_subscribeLength
 .text.MQTTSerialize_subscribe
                0x000000000800b63a       0xfa Src/mqtt/MQTTSubscribeClient.o
                0x000000000800b63a                MQTTSerialize_subscribe
 .text.MQTTDeserialize_suback
                0x000000000800b734       0xce Src/mqtt/MQTTSubscribeClient.o
                0x000000000800b734                MQTTDeserialize_suback
 *fill*         0x000000000800b802        0x2 
 .text.Reset_Handler
                0x000000000800b804       0x50 Startup/startup_stm32f411retx.o
                0x000000000800b804                Reset_Handler
 .text.Default_Handler
                0x000000000800b854        0x2 Startup/startup_stm32f411retx.o
                0x000000000800b854                RTC_Alarm_IRQHandler
                0x000000000800b854                EXTI2_IRQHandler
                0x000000000800b854                SPI4_IRQHandler
                0x000000000800b854                DMA2_Stream5_IRQHandler
                0x000000000800b854                DMA1_Stream5_IRQHandler
                0x000000000800b854                PVD_IRQHandler
                0x000000000800b854                SDIO_IRQHandler
                0x000000000800b854                TAMP_STAMP_IRQHandler
                0x000000000800b854                EXTI3_IRQHandler
                0x000000000800b854                TIM1_UP_TIM10_IRQHandler
                0x000000000800b854                I2C3_ER_IRQHandler
                0x000000000800b854                EXTI0_IRQHandler
                0x000000000800b854                I2C2_EV_IRQHandler
                0x000000000800b854                DMA1_Stream2_IRQHandler
                0x000000000800b854                FPU_IRQHandler
                0x000000000800b854                DMA2_Stream2_IRQHandler
                0x000000000800b854                SPI1_IRQHandler
                0x000000000800b854                TIM1_BRK_TIM9_IRQHandler
                0x000000000800b854                DMA2_Stream3_IRQHandler
                0x000000000800b854                USART6_IRQHandler
                0x000000000800b854                DMA2_Stream0_IRQHandler
                0x000000000800b854                DMA1_Stream6_IRQHandler
                0x000000000800b854                DMA1_Stream1_IRQHandler
                0x000000000800b854                RCC_IRQHandler
                0x000000000800b854                Default_Handler
                0x000000000800b854                EXTI15_10_IRQHandler
                0x000000000800b854                ADC_IRQHandler
                0x000000000800b854                DMA1_Stream7_IRQHandler
                0x000000000800b854                SPI5_IRQHandler
                0x000000000800b854                TIM5_IRQHandler
                0x000000000800b854                DMA2_Stream7_IRQHandler
                0x000000000800b854                I2C3_EV_IRQHandler
                0x000000000800b854                EXTI9_5_IRQHandler
                0x000000000800b854                RTC_WKUP_IRQHandler
                0x000000000800b854                SPI2_IRQHandler
                0x000000000800b854                DMA1_Stream0_IRQHandler
                0x000000000800b854                EXTI4_IRQHandler
                0x000000000800b854                WWDG_IRQHandler
                0x000000000800b854                OTG_FS_WKUP_IRQHandler
                0x000000000800b854                TIM1_TRG_COM_TIM11_IRQHandler
                0x000000000800b854                EXTI1_IRQHandler
                0x000000000800b854                I2C2_ER_IRQHandler
                0x000000000800b854                DMA2_Stream1_IRQHandler
                0x000000000800b854                FLASH_IRQHandler
                0x000000000800b854                DMA2_Stream4_IRQHandler
                0x000000000800b854                OTG_FS_IRQHandler
                0x000000000800b854                SPI3_IRQHandler
                0x000000000800b854                DMA1_Stream4_IRQHandler
                0x000000000800b854                DMA2_Stream6_IRQHandler
                0x000000000800b854                DMA1_Stream3_IRQHandler
 .text.atoi     0x000000000800b856        0x8 c:/st/stm32cubeide_1.0.1/stm32cubeide/plugins/com.st.stm32cube.ide.mcu.externaltools.gnu-tools-for-stm32.7-2018-q2-update.win32_1.0.0.201904181610/tools/bin/../lib/gcc/arm-none-eabi/7.3.1/../../../../arm-none-eabi/lib/thumb/v7e-m/fpv4-sp/hard\libc_nano.a(lib_a-atoi.o)
                0x000000000800b856                atoi
 *fill*         0x000000000800b85e        0x2 
 .text.__errno  0x000000000800b860        0xc c:/st/stm32cubeide_1.0.1/stm32cubeide/plugins/com.st.stm32cube.ide.mcu.externaltools.gnu-tools-for-stm32.7-2018-q2-update.win32_1.0.0.201904181610/tools/bin/../lib/gcc/arm-none-eabi/7.3.1/../../../../arm-none-eabi/lib/thumb/v7e-m/fpv4-sp/hard\libc_nano.a(lib_a-errno.o)
                0x000000000800b860                __errno
 .text.__libc_init_array
                0x000000000800b86c       0x48 c:/st/stm32cubeide_1.0.1/stm32cubeide/plugins/com.st.stm32cube.ide.mcu.externaltools.gnu-tools-for-stm32.7-2018-q2-update.win32_1.0.0.201904181610/tools/bin/../lib/gcc/arm-none-eabi/7.3.1/../../../../arm-none-eabi/lib/thumb/v7e-m/fpv4-sp/hard\libc_nano.a(lib_a-init.o)
                0x000000000800b86c                __libc_init_array
 .text.memcpy   0x000000000800b8b4       0x16 c:/st/stm32cubeide_1.0.1/stm32cubeide/plugins/com.st.stm32cube.ide.mcu.externaltools.gnu-tools-for-stm32.7-2018-q2-update.win32_1.0.0.201904181610/tools/bin/../lib/gcc/arm-none-eabi/7.3.1/../../../../arm-none-eabi/lib/thumb/v7e-m/fpv4-sp/hard\libc_nano.a(lib_a-memcpy-stub.o)
                0x000000000800b8b4                memcpy
 .text.memset   0x000000000800b8ca       0x10 c:/st/stm32cubeide_1.0.1/stm32cubeide/plugins/com.st.stm32cube.ide.mcu.externaltools.gnu-tools-for-stm32.7-2018-q2-update.win32_1.0.0.201904181610/tools/bin/../lib/gcc/arm-none-eabi/7.3.1/../../../../arm-none-eabi/lib/thumb/v7e-m/fpv4-sp/hard\libc_nano.a(lib_a-memset.o)
                0x000000000800b8ca                memset
 *fill*         0x000000000800b8da        0x2 
 .text.printf   0x000000000800b8dc       0x30 c:/st/stm32cubeide_1.0.1/stm32cubeide/plugins/com.st.stm32cube.ide.mcu.externaltools.gnu-tools-for-stm32.7-2018-q2-update.win32_1.0.0.201904181610/tools/bin/../lib/gcc/arm-none-eabi/7.3.1/../../../../arm-none-eabi/lib/thumb/v7e-m/fpv4-sp/hard\libc_nano.a(lib_a-printf.o)
                0x000000000800b8dc                iprintf
                0x000000000800b8dc                printf
 .text._puts_r  0x000000000800b90c       0xb8 c:/st/stm32cubeide_1.0.1/stm32cubeide/plugins/com.st.stm32cube.ide.mcu.externaltools.gnu-tools-for-stm32.7-2018-q2-update.win32_1.0.0.201904181610/tools/bin/../lib/gcc/arm-none-eabi/7.3.1/../../../../arm-none-eabi/lib/thumb/v7e-m/fpv4-sp/hard\libc_nano.a(lib_a-puts.o)
                0x000000000800b90c                _puts_r
 .text.puts     0x000000000800b9c4       0x10 c:/st/stm32cubeide_1.0.1/stm32cubeide/plugins/com.st.stm32cube.ide.mcu.externaltools.gnu-tools-for-stm32.7-2018-q2-update.win32_1.0.0.201904181610/tools/bin/../lib/gcc/arm-none-eabi/7.3.1/../../../../arm-none-eabi/lib/thumb/v7e-m/fpv4-sp/hard\libc_nano.a(lib_a-puts.o)
                0x000000000800b9c4                puts
 .text.snprintf
                0x000000000800b9d4       0x68 c:/st/stm32cubeide_1.0.1/stm32cubeide/plugins/com.st.stm32cube.ide.mcu.externaltools.gnu-tools-for-stm32.7-2018-q2-update.win32_1.0.0.201904181610/tools/bin/../lib/gcc/arm-none-eabi/7.3.1/../../../../arm-none-eabi/lib/thumb/v7e-m/fpv4-sp/hard\libc_nano.a(lib_a-snprintf.o)
                0x000000000800b9d4                sniprintf
                0x000000000800b9d4                snprintf
 .text.sprintf  0x000000000800ba3c       0x40 c:/st/stm32cubeide_1.0.1/stm32cubeide/plugins/com.st.stm32cube.ide.mcu.externaltools.gnu-tools-for-stm32.7-2018-q2-update.win32_1.0.0.201904181610/tools/bin/../lib/gcc/arm-none-eabi/7.3.1/../../../../arm-none-eabi/lib/thumb/v7e-m/fpv4-sp/hard\libc_nano.a(lib_a-sprintf.o)
                0x000000000800ba3c                siprintf
                0x000000000800ba3c                sprintf
 .text.strchr   0x000000000800ba7c       0x1a c:/st/stm32cubeide_1.0.1/stm32cubeide/plugins/com.st.stm32cube.ide.mcu.externaltools.gnu-tools-for-stm32.7-2018-q2-update.win32_1.0.0.201904181610/tools/bin/../lib/gcc/arm-none-eabi/7.3.1/../../../../arm-none-eabi/lib/thumb/v7e-m/fpv4-sp/hard\libc_nano.a(lib_a-strchr.o)
                0x000000000800ba7c                strchr
 .text.strcpy   0x000000000800ba96       0x10 c:/st/stm32cubeide_1.0.1/stm32cubeide/plugins/com.st.stm32cube.ide.mcu.externaltools.gnu-tools-for-stm32.7-2018-q2-update.win32_1.0.0.201904181610/tools/bin/../lib/gcc/arm-none-eabi/7.3.1/../../../../arm-none-eabi/lib/thumb/v7e-m/fpv4-sp/hard\libc_nano.a(lib_a-strcpy.o)
                0x000000000800ba96                strcpy
 .text.strncmp  0x000000000800baa6       0x24 c:/st/stm32cubeide_1.0.1/stm32cubeide/plugins/com.st.stm32cube.ide.mcu.externaltools.gnu-tools-for-stm32.7-2018-q2-update.win32_1.0.0.201904181610/tools/bin/../lib/gcc/arm-none-eabi/7.3.1/../../../../arm-none-eabi/lib/thumb/v7e-m/fpv4-sp/hard\libc_nano.a(lib_a-strncmp.o)
                0x000000000800baa6                strncmp
 .text.strstr   0x000000000800baca       0x34 c:/st/stm32cubeide_1.0.1/stm32cubeide/plugins/com.st.stm32cube.ide.mcu.externaltools.gnu-tools-for-stm32.7-2018-q2-update.win32_1.0.0.201904181610/tools/bin/../lib/gcc/arm-none-eabi/7.3.1/../../../../arm-none-eabi/lib/thumb/v7e-m/fpv4-sp/hard\libc_nano.a(lib_a-strstr.o)
                0x000000000800baca                strstr
 .text._strtol_l.isra.0
                0x000000000800bafe       0xf6 c:/st/stm32cubeide_1.0.1/stm32cubeide/plugins/com.st.stm32cube.ide.mcu.externaltools.gnu-tools-for-stm32.7-2018-q2-update.win32_1.0.0.201904181610/tools/bin/../lib/gcc/arm-none-eabi/7.3.1/../../../../arm-none-eabi/lib/thumb/v7e-m/fpv4-sp/hard\libc_nano.a(lib_a-strtol.o)
 .text.strtol   0x000000000800bbf4       0x2c c:/st/stm32cubeide_1.0.1/stm32cubeide/plugins/com.st.stm32cube.ide.mcu.externaltools.gnu-tools-for-stm32.7-2018-q2-update.win32_1.0.0.201904181610/tools/bin/../lib/gcc/arm-none-eabi/7.3.1/../../../../arm-none-eabi/lib/thumb/v7e-m/fpv4-sp/hard\libc_nano.a(lib_a-strtol.o)
                0x000000000800bbf4                strtol
 .text.__swbuf_r
                0x000000000800bc20       0xa4 c:/st/stm32cubeide_1.0.1/stm32cubeide/plugins/com.st.stm32cube.ide.mcu.externaltools.gnu-tools-for-stm32.7-2018-q2-update.win32_1.0.0.201904181610/tools/bin/../lib/gcc/arm-none-eabi/7.3.1/../../../../arm-none-eabi/lib/thumb/v7e-m/fpv4-sp/hard\libc_nano.a(lib_a-wbuf.o)
                0x000000000800bc20                __swbuf_r
 .text.__swsetup_r
                0x000000000800bcc4       0xdc c:/st/stm32cubeide_1.0.1/stm32cubeide/plugins/com.st.stm32cube.ide.mcu.externaltools.gnu-tools-for-stm32.7-2018-q2-update.win32_1.0.0.201904181610/tools/bin/../lib/gcc/arm-none-eabi/7.3.1/../../../../arm-none-eabi/lib/thumb/v7e-m/fpv4-sp/hard\libc_nano.a(lib_a-wsetup.o)
                0x000000000800bcc4                __swsetup_r
 .text.__sflush_r
                0x000000000800bda0      0x10c c:/st/stm32cubeide_1.0.1/stm32cubeide/plugins/com.st.stm32cube.ide.mcu.externaltools.gnu-tools-for-stm32.7-2018-q2-update.win32_1.0.0.201904181610/tools/bin/../lib/gcc/arm-none-eabi/7.3.1/../../../../arm-none-eabi/lib/thumb/v7e-m/fpv4-sp/hard\libc_nano.a(lib_a-fflush.o)
                0x000000000800bda0                __sflush_r
 .text._fflush_r
                0x000000000800beac       0x54 c:/st/stm32cubeide_1.0.1/stm32cubeide/plugins/com.st.stm32cube.ide.mcu.externaltools.gnu-tools-for-stm32.7-2018-q2-update.win32_1.0.0.201904181610/tools/bin/../lib/gcc/arm-none-eabi/7.3.1/../../../../arm-none-eabi/lib/thumb/v7e-m/fpv4-sp/hard\libc_nano.a(lib_a-fflush.o)
                0x000000000800beac                _fflush_r
 .text.std      0x000000000800bf00       0x48 c:/st/stm32cubeide_1.0.1/stm32cubeide/plugins/com.st.stm32cube.ide.mcu.externaltools.gnu-tools-for-stm32.7-2018-q2-update.win32_1.0.0.201904181610/tools/bin/../lib/gcc/arm-none-eabi/7.3.1/../../../../arm-none-eabi/lib/thumb/v7e-m/fpv4-sp/hard\libc_nano.a(lib_a-findfp.o)
 .text._cleanup_r
                0x000000000800bf48        0xc c:/st/stm32cubeide_1.0.1/stm32cubeide/plugins/com.st.stm32cube.ide.mcu.externaltools.gnu-tools-for-stm32.7-2018-q2-update.win32_1.0.0.201904181610/tools/bin/../lib/gcc/arm-none-eabi/7.3.1/../../../../arm-none-eabi/lib/thumb/v7e-m/fpv4-sp/hard\libc_nano.a(lib_a-findfp.o)
                0x000000000800bf48                _cleanup_r
 .text.__sfmoreglue
                0x000000000800bf54       0x2c c:/st/stm32cubeide_1.0.1/stm32cubeide/plugins/com.st.stm32cube.ide.mcu.externaltools.gnu-tools-for-stm32.7-2018-q2-update.win32_1.0.0.201904181610/tools/bin/../lib/gcc/arm-none-eabi/7.3.1/../../../../arm-none-eabi/lib/thumb/v7e-m/fpv4-sp/hard\libc_nano.a(lib_a-findfp.o)
                0x000000000800bf54                __sfmoreglue
 .text.__sinit  0x000000000800bf80       0x60 c:/st/stm32cubeide_1.0.1/stm32cubeide/plugins/com.st.stm32cube.ide.mcu.externaltools.gnu-tools-for-stm32.7-2018-q2-update.win32_1.0.0.201904181610/tools/bin/../lib/gcc/arm-none-eabi/7.3.1/../../../../arm-none-eabi/lib/thumb/v7e-m/fpv4-sp/hard\libc_nano.a(lib_a-findfp.o)
                0x000000000800bf80                __sinit
 .text.__sfp    0x000000000800bfe0       0x78 c:/st/stm32cubeide_1.0.1/stm32cubeide/plugins/com.st.stm32cube.ide.mcu.externaltools.gnu-tools-for-stm32.7-2018-q2-update.win32_1.0.0.201904181610/tools/bin/../lib/gcc/arm-none-eabi/7.3.1/../../../../arm-none-eabi/lib/thumb/v7e-m/fpv4-sp/hard\libc_nano.a(lib_a-findfp.o)
                0x000000000800bfe0                __sfp
 .text._fwalk_reent
                0x000000000800c058       0x3c c:/st/stm32cubeide_1.0.1/stm32cubeide/plugins/com.st.stm32cube.ide.mcu.externaltools.gnu-tools-for-stm32.7-2018-q2-update.win32_1.0.0.201904181610/tools/bin/../lib/gcc/arm-none-eabi/7.3.1/../../../../arm-none-eabi/lib/thumb/v7e-m/fpv4-sp/hard\libc_nano.a(lib_a-fwalk.o)
                0x000000000800c058                _fwalk_reent
 .text.__locale_ctype_ptr_l
                0x000000000800c094        0x6 c:/st/stm32cubeide_1.0.1/stm32cubeide/plugins/com.st.stm32cube.ide.mcu.externaltools.gnu-tools-for-stm32.7-2018-q2-update.win32_1.0.0.201904181610/tools/bin/../lib/gcc/arm-none-eabi/7.3.1/../../../../arm-none-eabi/lib/thumb/v7e-m/fpv4-sp/hard\libc_nano.a(lib_a-locale.o)
                0x000000000800c094                __locale_ctype_ptr_l
 .text.__swhatbuf_r
                0x000000000800c09a       0x48 c:/st/stm32cubeide_1.0.1/stm32cubeide/plugins/com.st.stm32cube.ide.mcu.externaltools.gnu-tools-for-stm32.7-2018-q2-update.win32_1.0.0.201904181610/tools/bin/../lib/gcc/arm-none-eabi/7.3.1/../../../../arm-none-eabi/lib/thumb/v7e-m/fpv4-sp/hard\libc_nano.a(lib_a-makebuf.o)
                0x000000000800c09a                __swhatbuf_r
 *fill*         0x000000000800c0e2        0x2 
 .text.__smakebuf_r
                0x000000000800c0e4       0x80 c:/st/stm32cubeide_1.0.1/stm32cubeide/plugins/com.st.stm32cube.ide.mcu.externaltools.gnu-tools-for-stm32.7-2018-q2-update.win32_1.0.0.201904181610/tools/bin/../lib/gcc/arm-none-eabi/7.3.1/../../../../arm-none-eabi/lib/thumb/v7e-m/fpv4-sp/hard\libc_nano.a(lib_a-makebuf.o)
                0x000000000800c0e4                __smakebuf_r
 .text.__ascii_mbtowc
                0x000000000800c164       0x24 c:/st/stm32cubeide_1.0.1/stm32cubeide/plugins/com.st.stm32cube.ide.mcu.externaltools.gnu-tools-for-stm32.7-2018-q2-update.win32_1.0.0.201904181610/tools/bin/../lib/gcc/arm-none-eabi/7.3.1/../../../../arm-none-eabi/lib/thumb/v7e-m/fpv4-sp/hard\libc_nano.a(lib_a-mbtowc_r.o)
                0x000000000800c164                __ascii_mbtowc
 .text._free_r  0x000000000800c188       0x9c c:/st/stm32cubeide_1.0.1/stm32cubeide/plugins/com.st.stm32cube.ide.mcu.externaltools.gnu-tools-for-stm32.7-2018-q2-update.win32_1.0.0.201904181610/tools/bin/../lib/gcc/arm-none-eabi/7.3.1/../../../../arm-none-eabi/lib/thumb/v7e-m/fpv4-sp/hard\libc_nano.a(lib_a-nano-freer.o)
                0x000000000800c188                _free_r
 .text._malloc_r
                0x000000000800c224       0xb4 c:/st/stm32cubeide_1.0.1/stm32cubeide/plugins/com.st.stm32cube.ide.mcu.externaltools.gnu-tools-for-stm32.7-2018-q2-update.win32_1.0.0.201904181610/tools/bin/../lib/gcc/arm-none-eabi/7.3.1/../../../../arm-none-eabi/lib/thumb/v7e-m/fpv4-sp/hard\libc_nano.a(lib_a-nano-mallocr.o)
                0x000000000800c224                _malloc_r
 .text.__ssputs_r
                0x000000000800c2d8       0xb4 c:/st/stm32cubeide_1.0.1/stm32cubeide/plugins/com.st.stm32cube.ide.mcu.externaltools.gnu-tools-for-stm32.7-2018-q2-update.win32_1.0.0.201904181610/tools/bin/../lib/gcc/arm-none-eabi/7.3.1/../../../../arm-none-eabi/lib/thumb/v7e-m/fpv4-sp/hard\libc_nano.a(lib_a-nano-svfprintf.o)
                0x000000000800c2d8                __ssputs_r
 .text._svfprintf_r
                0x000000000800c38c      0x1f0 c:/st/stm32cubeide_1.0.1/stm32cubeide/plugins/com.st.stm32cube.ide.mcu.externaltools.gnu-tools-for-stm32.7-2018-q2-update.win32_1.0.0.201904181610/tools/bin/../lib/gcc/arm-none-eabi/7.3.1/../../../../arm-none-eabi/lib/thumb/v7e-m/fpv4-sp/hard\libc_nano.a(lib_a-nano-svfprintf.o)
                0x000000000800c38c                _svfiprintf_r
                0x000000000800c38c                _svfprintf_r
 .text.__sfputc_r
                0x000000000800c57c       0x2e c:/st/stm32cubeide_1.0.1/stm32cubeide/plugins/com.st.stm32cube.ide.mcu.externaltools.gnu-tools-for-stm32.7-2018-q2-update.win32_1.0.0.201904181610/tools/bin/../lib/gcc/arm-none-eabi/7.3.1/../../../../arm-none-eabi/lib/thumb/v7e-m/fpv4-sp/hard\libc_nano.a(lib_a-nano-vfprintf.o)
 .text.__sfputs_r
                0x000000000800c5aa       0x24 c:/st/stm32cubeide_1.0.1/stm32cubeide/plugins/com.st.stm32cube.ide.mcu.externaltools.gnu-tools-for-stm32.7-2018-q2-update.win32_1.0.0.201904181610/tools/bin/../lib/gcc/arm-none-eabi/7.3.1/../../../../arm-none-eabi/lib/thumb/v7e-m/fpv4-sp/hard\libc_nano.a(lib_a-nano-vfprintf.o)
                0x000000000800c5aa                __sfputs_r
 *fill*         0x000000000800c5ce        0x2 
 .text._vfprintf_r
                0x000000000800c5d0      0x22c c:/st/stm32cubeide_1.0.1/stm32cubeide/plugins/com.st.stm32cube.ide.mcu.externaltools.gnu-tools-for-stm32.7-2018-q2-update.win32_1.0.0.201904181610/tools/bin/../lib/gcc/arm-none-eabi/7.3.1/../../../../arm-none-eabi/lib/thumb/v7e-m/fpv4-sp/hard\libc_nano.a(lib_a-nano-vfprintf.o)
                0x000000000800c5d0                _vfprintf_r
                0x000000000800c5d0                _vfiprintf_r
 .text._printf_common
                0x000000000800c7fc       0xea c:/st/stm32cubeide_1.0.1/stm32cubeide/plugins/com.st.stm32cube.ide.mcu.externaltools.gnu-tools-for-stm32.7-2018-q2-update.win32_1.0.0.201904181610/tools/bin/../lib/gcc/arm-none-eabi/7.3.1/../../../../arm-none-eabi/lib/thumb/v7e-m/fpv4-sp/hard\libc_nano.a(lib_a-nano-vfprintf_i.o)
                0x000000000800c7fc                _printf_common
 *fill*         0x000000000800c8e6        0x2 
 .text._printf_i
                0x000000000800c8e8      0x224 c:/st/stm32cubeide_1.0.1/stm32cubeide/plugins/com.st.stm32cube.ide.mcu.externaltools.gnu-tools-for-stm32.7-2018-q2-update.win32_1.0.0.201904181610/tools/bin/../lib/gcc/arm-none-eabi/7.3.1/../../../../arm-none-eabi/lib/thumb/v7e-m/fpv4-sp/hard\libc_nano.a(lib_a-nano-vfprintf_i.o)
                0x000000000800c8e8                _printf_i
 .text._sbrk_r  0x000000000800cb0c       0x20 c:/st/stm32cubeide_1.0.1/stm32cubeide/plugins/com.st.stm32cube.ide.mcu.externaltools.gnu-tools-for-stm32.7-2018-q2-update.win32_1.0.0.201904181610/tools/bin/../lib/gcc/arm-none-eabi/7.3.1/../../../../arm-none-eabi/lib/thumb/v7e-m/fpv4-sp/hard\libc_nano.a(lib_a-sbrkr.o)
                0x000000000800cb0c                _sbrk_r
 .text.__sread  0x000000000800cb2c       0x22 c:/st/stm32cubeide_1.0.1/stm32cubeide/plugins/com.st.stm32cube.ide.mcu.externaltools.gnu-tools-for-stm32.7-2018-q2-update.win32_1.0.0.201904181610/tools/bin/../lib/gcc/arm-none-eabi/7.3.1/../../../../arm-none-eabi/lib/thumb/v7e-m/fpv4-sp/hard\libc_nano.a(lib_a-stdio.o)
                0x000000000800cb2c                __sread
 .text.__swrite
                0x000000000800cb4e       0x38 c:/st/stm32cubeide_1.0.1/stm32cubeide/plugins/com.st.stm32cube.ide.mcu.externaltools.gnu-tools-for-stm32.7-2018-q2-update.win32_1.0.0.201904181610/tools/bin/../lib/gcc/arm-none-eabi/7.3.1/../../../../arm-none-eabi/lib/thumb/v7e-m/fpv4-sp/hard\libc_nano.a(lib_a-stdio.o)
                0x000000000800cb4e                __swrite
 .text.__sseek  0x000000000800cb86       0x24 c:/st/stm32cubeide_1.0.1/stm32cubeide/plugins/com.st.stm32cube.ide.mcu.externaltools.gnu-tools-for-stm32.7-2018-q2-update.win32_1.0.0.201904181610/tools/bin/../lib/gcc/arm-none-eabi/7.3.1/../../../../arm-none-eabi/lib/thumb/v7e-m/fpv4-sp/hard\libc_nano.a(lib_a-stdio.o)
                0x000000000800cb86                __sseek
 .text.__sclose
                0x000000000800cbaa        0x8 c:/st/stm32cubeide_1.0.1/stm32cubeide/plugins/com.st.stm32cube.ide.mcu.externaltools.gnu-tools-for-stm32.7-2018-q2-update.win32_1.0.0.201904181610/tools/bin/../lib/gcc/arm-none-eabi/7.3.1/../../../../arm-none-eabi/lib/thumb/v7e-m/fpv4-sp/hard\libc_nano.a(lib_a-stdio.o)
                0x000000000800cbaa                __sclose
 .text.__ascii_wctomb
                0x000000000800cbb2       0x1a c:/st/stm32cubeide_1.0.1/stm32cubeide/plugins/com.st.stm32cube.ide.mcu.externaltools.gnu-tools-for-stm32.7-2018-q2-update.win32_1.0.0.201904181610/tools/bin/../lib/gcc/arm-none-eabi/7.3.1/../../../../arm-none-eabi/lib/thumb/v7e-m/fpv4-sp/hard\libc_nano.a(lib_a-wctomb_r.o)
                0x000000000800cbb2                __ascii_wctomb
 .text._write_r
                0x000000000800cbcc       0x24 c:/st/stm32cubeide_1.0.1/stm32cubeide/plugins/com.st.stm32cube.ide.mcu.externaltools.gnu-tools-for-stm32.7-2018-q2-update.win32_1.0.0.201904181610/tools/bin/../lib/gcc/arm-none-eabi/7.3.1/../../../../arm-none-eabi/lib/thumb/v7e-m/fpv4-sp/hard\libc_nano.a(lib_a-writer.o)
                0x000000000800cbcc                _write_r
 .text._close_r
                0x000000000800cbf0       0x20 c:/st/stm32cubeide_1.0.1/stm32cubeide/plugins/com.st.stm32cube.ide.mcu.externaltools.gnu-tools-for-stm32.7-2018-q2-update.win32_1.0.0.201904181610/tools/bin/../lib/gcc/arm-none-eabi/7.3.1/../../../../arm-none-eabi/lib/thumb/v7e-m/fpv4-sp/hard\libc_nano.a(lib_a-closer.o)
                0x000000000800cbf0                _close_r
 .text._fstat_r
                0x000000000800cc10       0x24 c:/st/stm32cubeide_1.0.1/stm32cubeide/plugins/com.st.stm32cube.ide.mcu.externaltools.gnu-tools-for-stm32.7-2018-q2-update.win32_1.0.0.201904181610/tools/bin/../lib/gcc/arm-none-eabi/7.3.1/../../../../arm-none-eabi/lib/thumb/v7e-m/fpv4-sp/hard\libc_nano.a(lib_a-fstatr.o)
                0x000000000800cc10                _fstat_r
 .text._isatty_r
                0x000000000800cc34       0x20 c:/st/stm32cubeide_1.0.1/stm32cubeide/plugins/com.st.stm32cube.ide.mcu.externaltools.gnu-tools-for-stm32.7-2018-q2-update.win32_1.0.0.201904181610/tools/bin/../lib/gcc/arm-none-eabi/7.3.1/../../../../arm-none-eabi/lib/thumb/v7e-m/fpv4-sp/hard\libc_nano.a(lib_a-isattyr.o)
                0x000000000800cc34                _isatty_r
 .text._lseek_r
                0x000000000800cc54       0x24 c:/st/stm32cubeide_1.0.1/stm32cubeide/plugins/com.st.stm32cube.ide.mcu.externaltools.gnu-tools-for-stm32.7-2018-q2-update.win32_1.0.0.201904181610/tools/bin/../lib/gcc/arm-none-eabi/7.3.1/../../../../arm-none-eabi/lib/thumb/v7e-m/fpv4-sp/hard\libc_nano.a(lib_a-lseekr.o)
                0x000000000800cc54                _lseek_r
 .text.memmove  0x000000000800cc78       0x32 c:/st/stm32cubeide_1.0.1/stm32cubeide/plugins/com.st.stm32cube.ide.mcu.externaltools.gnu-tools-for-stm32.7-2018-q2-update.win32_1.0.0.201904181610/tools/bin/../lib/gcc/arm-none-eabi/7.3.1/../../../../arm-none-eabi/lib/thumb/v7e-m/fpv4-sp/hard\libc_nano.a(lib_a-memmove.o)
                0x000000000800cc78                memmove
 .text.__malloc_lock
                0x000000000800ccaa        0x2 c:/st/stm32cubeide_1.0.1/stm32cubeide/plugins/com.st.stm32cube.ide.mcu.externaltools.gnu-tools-for-stm32.7-2018-q2-update.win32_1.0.0.201904181610/tools/bin/../lib/gcc/arm-none-eabi/7.3.1/../../../../arm-none-eabi/lib/thumb/v7e-m/fpv4-sp/hard\libc_nano.a(lib_a-mlock.o)
                0x000000000800ccaa                __malloc_lock
 .text.__malloc_unlock
                0x000000000800ccac        0x2 c:/st/stm32cubeide_1.0.1/stm32cubeide/plugins/com.st.stm32cube.ide.mcu.externaltools.gnu-tools-for-stm32.7-2018-q2-update.win32_1.0.0.201904181610/tools/bin/../lib/gcc/arm-none-eabi/7.3.1/../../../../arm-none-eabi/lib/thumb/v7e-m/fpv4-sp/hard\libc_nano.a(lib_a-mlock.o)
                0x000000000800ccac                __malloc_unlock
 .text._realloc_r
                0x000000000800ccae       0x4c c:/st/stm32cubeide_1.0.1/stm32cubeide/plugins/com.st.stm32cube.ide.mcu.externaltools.gnu-tools-for-stm32.7-2018-q2-update.win32_1.0.0.201904181610/tools/bin/../lib/gcc/arm-none-eabi/7.3.1/../../../../arm-none-eabi/lib/thumb/v7e-m/fpv4-sp/hard\libc_nano.a(lib_a-nano-reallocr.o)
                0x000000000800ccae                _realloc_r
 *fill*         0x000000000800ccfa        0x2 
 .text._read_r  0x000000000800ccfc       0x24 c:/st/stm32cubeide_1.0.1/stm32cubeide/plugins/com.st.stm32cube.ide.mcu.externaltools.gnu-tools-for-stm32.7-2018-q2-update.win32_1.0.0.201904181610/tools/bin/../lib/gcc/arm-none-eabi/7.3.1/../../../../arm-none-eabi/lib/thumb/v7e-m/fpv4-sp/hard\libc_nano.a(lib_a-readr.o)
                0x000000000800ccfc                _read_r
 .text._malloc_usable_size_r
                0x000000000800cd20       0x10 c:/st/stm32cubeide_1.0.1/stm32cubeide/plugins/com.st.stm32cube.ide.mcu.externaltools.gnu-tools-for-stm32.7-2018-q2-update.win32_1.0.0.201904181610/tools/bin/../lib/gcc/arm-none-eabi/7.3.1/../../../../arm-none-eabi/lib/thumb/v7e-m/fpv4-sp/hard\libc_nano.a(lib_a-nano-msizer.o)
                0x000000000800cd20                _malloc_usable_size_r
 *(.glue_7)
 .glue_7        0x000000000800cd30        0x0 linker stubs
 *(.glue_7t)
 .glue_7t       0x000000000800cd30        0x0 linker stubs
 *(.eh_frame)
 .eh_frame      0x000000000800cd30        0x0 c:/st/stm32cubeide_1.0.1/stm32cubeide/plugins/com.st.stm32cube.ide.mcu.externaltools.gnu-tools-for-stm32.7-2018-q2-update.win32_1.0.0.201904181610/tools/bin/../lib/gcc/arm-none-eabi/7.3.1/thumb/v7e-m/fpv4-sp/hard/crtbegin.o
 *(.init)
 .init          0x000000000800cd30        0x4 c:/st/stm32cubeide_1.0.1/stm32cubeide/plugins/com.st.stm32cube.ide.mcu.externaltools.gnu-tools-for-stm32.7-2018-q2-update.win32_1.0.0.201904181610/tools/bin/../lib/gcc/arm-none-eabi/7.3.1/thumb/v7e-m/fpv4-sp/hard/crti.o
                0x000000000800cd30                _init
 .init          0x000000000800cd34        0x8 c:/st/stm32cubeide_1.0.1/stm32cubeide/plugins/com.st.stm32cube.ide.mcu.externaltools.gnu-tools-for-stm32.7-2018-q2-update.win32_1.0.0.201904181610/tools/bin/../lib/gcc/arm-none-eabi/7.3.1/thumb/v7e-m/fpv4-sp/hard/crtn.o
 *(.fini)
 .fini          0x000000000800cd3c        0x4 c:/st/stm32cubeide_1.0.1/stm32cubeide/plugins/com.st.stm32cube.ide.mcu.externaltools.gnu-tools-for-stm32.7-2018-q2-update.win32_1.0.0.201904181610/tools/bin/../lib/gcc/arm-none-eabi/7.3.1/thumb/v7e-m/fpv4-sp/hard/crti.o
                0x000000000800cd3c                _fini
 .fini          0x000000000800cd40        0x8 c:/st/stm32cubeide_1.0.1/stm32cubeide/plugins/com.st.stm32cube.ide.mcu.externaltools.gnu-tools-for-stm32.7-2018-q2-update.win32_1.0.0.201904181610/tools/bin/../lib/gcc/arm-none-eabi/7.3.1/thumb/v7e-m/fpv4-sp/hard/crtn.o
                0x000000000800cd48                . = ALIGN (0x4)
                0x000000000800cd48                _etext = .

.vfp11_veneer   0x000000000800cd48        0x0
 .vfp11_veneer  0x000000000800cd48        0x0 linker stubs

.v4_bx          0x000000000800cd48        0x0
 .v4_bx         0x000000000800cd48        0x0 linker stubs

.iplt           0x000000000800cd48        0x0
 .iplt          0x000000000800cd48        0x0 c:/st/stm32cubeide_1.0.1/stm32cubeide/plugins/com.st.stm32cube.ide.mcu.externaltools.gnu-tools-for-stm32.7-2018-q2-update.win32_1.0.0.201904181610/tools/bin/../lib/gcc/arm-none-eabi/7.3.1/thumb/v7e-m/fpv4-sp/hard/crtbegin.o

.rodata         0x000000000800cd48      0x7d8
                0x000000000800cd48                . = ALIGN (0x4)
 *(.rodata)
 .rodata        0x000000000800cd48        0x5 Middlewares/Third_Party/FreeRTOS/Source/tasks.o
 *fill*         0x000000000800cd4d        0x3 
 .rodata        0x000000000800cd50      0x4c3 Src/main.o
 *fill*         0x000000000800d213        0x1 
 .rodata        0x000000000800d214       0xd5 Src/amw/amw_uart.o
 *fill*         0x000000000800d2e9        0x3 
 .rodata        0x000000000800d2ec       0x66 Src/mqtt/MQTTClient.o
 *fill*         0x000000000800d352        0x2 
 .rodata        0x000000000800d354        0xf Src/mqtt/MQTTConnectClient.o
 *(.rodata*)
 *fill*         0x000000000800d363        0x1 
 .rodata.AHBPrescTable
                0x000000000800d364       0x10 Src/system_stm32f4xx.o
                0x000000000800d364                AHBPrescTable
 .rodata.APBPrescTable
                0x000000000800d374        0x8 Src/system_stm32f4xx.o
                0x000000000800d374                APBPrescTable
 .rodata._global_impure_ptr
                0x000000000800d37c        0x4 c:/st/stm32cubeide_1.0.1/stm32cubeide/plugins/com.st.stm32cube.ide.mcu.externaltools.gnu-tools-for-stm32.7-2018-q2-update.win32_1.0.0.201904181610/tools/bin/../lib/gcc/arm-none-eabi/7.3.1/../../../../arm-none-eabi/lib/thumb/v7e-m/fpv4-sp/hard\libc_nano.a(lib_a-impure.o)
                0x000000000800d37c                _global_impure_ptr
 .rodata.__sf_fake_stderr
                0x000000000800d380       0x20 c:/st/stm32cubeide_1.0.1/stm32cubeide/plugins/com.st.stm32cube.ide.mcu.externaltools.gnu-tools-for-stm32.7-2018-q2-update.win32_1.0.0.201904181610/tools/bin/../lib/gcc/arm-none-eabi/7.3.1/../../../../arm-none-eabi/lib/thumb/v7e-m/fpv4-sp/hard\libc_nano.a(lib_a-findfp.o)
                0x000000000800d380                __sf_fake_stderr
 .rodata.__sf_fake_stdin
                0x000000000800d3a0       0x20 c:/st/stm32cubeide_1.0.1/stm32cubeide/plugins/com.st.stm32cube.ide.mcu.externaltools.gnu-tools-for-stm32.7-2018-q2-update.win32_1.0.0.201904181610/tools/bin/../lib/gcc/arm-none-eabi/7.3.1/../../../../arm-none-eabi/lib/thumb/v7e-m/fpv4-sp/hard\libc_nano.a(lib_a-findfp.o)
                0x000000000800d3a0                __sf_fake_stdin
 .rodata.__sf_fake_stdout
                0x000000000800d3c0       0x20 c:/st/stm32cubeide_1.0.1/stm32cubeide/plugins/com.st.stm32cube.ide.mcu.externaltools.gnu-tools-for-stm32.7-2018-q2-update.win32_1.0.0.201904181610/tools/bin/../lib/gcc/arm-none-eabi/7.3.1/../../../../arm-none-eabi/lib/thumb/v7e-m/fpv4-sp/hard\libc_nano.a(lib_a-findfp.o)
                0x000000000800d3c0                __sf_fake_stdout
 .rodata._setlocale_r.str1.1
                0x000000000800d3e0        0x8 c:/st/stm32cubeide_1.0.1/stm32cubeide/plugins/com.st.stm32cube.ide.mcu.externaltools.gnu-tools-for-stm32.7-2018-q2-update.win32_1.0.0.201904181610/tools/bin/../lib/gcc/arm-none-eabi/7.3.1/../../../../arm-none-eabi/lib/thumb/v7e-m/fpv4-sp/hard\libc_nano.a(lib_a-locale.o)
                                          0x9 (size before relaxing)
 .rodata.str1.1
                0x000000000800d3e8        0x2 c:/st/stm32cubeide_1.0.1/stm32cubeide/plugins/com.st.stm32cube.ide.mcu.externaltools.gnu-tools-for-stm32.7-2018-q2-update.win32_1.0.0.201904181610/tools/bin/../lib/gcc/arm-none-eabi/7.3.1/../../../../arm-none-eabi/lib/thumb/v7e-m/fpv4-sp/hard\libc_nano.a(lib_a-locale.o)
 .rodata._svfprintf_r.str1.1
                0x000000000800d3ea       0x11 c:/st/stm32cubeide_1.0.1/stm32cubeide/plugins/com.st.stm32cube.ide.mcu.externaltools.gnu-tools-for-stm32.7-2018-q2-update.win32_1.0.0.201904181610/tools/bin/../lib/gcc/arm-none-eabi/7.3.1/../../../../arm-none-eabi/lib/thumb/v7e-m/fpv4-sp/hard\libc_nano.a(lib_a-nano-svfprintf.o)
 .rodata._vfprintf_r.str1.1
                0x000000000800d3fb       0x11 c:/st/stm32cubeide_1.0.1/stm32cubeide/plugins/com.st.stm32cube.ide.mcu.externaltools.gnu-tools-for-stm32.7-2018-q2-update.win32_1.0.0.201904181610/tools/bin/../lib/gcc/arm-none-eabi/7.3.1/../../../../arm-none-eabi/lib/thumb/v7e-m/fpv4-sp/hard\libc_nano.a(lib_a-nano-vfprintf.o)
 .rodata._printf_i.str1.1
                0x000000000800d3fb       0x22 c:/st/stm32cubeide_1.0.1/stm32cubeide/plugins/com.st.stm32cube.ide.mcu.externaltools.gnu-tools-for-stm32.7-2018-q2-update.win32_1.0.0.201904181610/tools/bin/../lib/gcc/arm-none-eabi/7.3.1/../../../../arm-none-eabi/lib/thumb/v7e-m/fpv4-sp/hard\libc_nano.a(lib_a-nano-vfprintf_i.o)
 .rodata._ctype_
                0x000000000800d41d      0x101 c:/st/stm32cubeide_1.0.1/stm32cubeide/plugins/com.st.stm32cube.ide.mcu.externaltools.gnu-tools-for-stm32.7-2018-q2-update.win32_1.0.0.201904181610/tools/bin/../lib/gcc/arm-none-eabi/7.3.1/../../../../arm-none-eabi/lib/thumb/v7e-m/fpv4-sp/hard\libc_nano.a(lib_a-ctype_.o)
                0x000000000800d41d                _ctype_
                0x000000000800d520                . = ALIGN (0x4)
 *fill*         0x000000000800d51e        0x2 

.ARM.extab      0x000000000800d520        0x0
                0x000000000800d520                . = ALIGN (0x4)
 *(.ARM.extab* .gnu.linkonce.armextab.*)
                0x000000000800d520                . = ALIGN (0x4)

.ARM            0x000000000800d520        0x8
                0x000000000800d520                . = ALIGN (0x4)
                0x000000000800d520                __exidx_start = .
 *(.ARM.exidx*)
 .ARM.exidx     0x000000000800d520        0x8 c:/st/stm32cubeide_1.0.1/stm32cubeide/plugins/com.st.stm32cube.ide.mcu.externaltools.gnu-tools-for-stm32.7-2018-q2-update.win32_1.0.0.201904181610/tools/bin/../lib/gcc/arm-none-eabi/7.3.1/thumb/v7e-m/fpv4-sp/hard\libgcc.a(_udivmoddi4.o)
                0x000000000800d528                __exidx_end = .
                0x000000000800d528                . = ALIGN (0x4)

.rel.dyn        0x000000000800d528        0x0
 .rel.iplt      0x000000000800d528        0x0 c:/st/stm32cubeide_1.0.1/stm32cubeide/plugins/com.st.stm32cube.ide.mcu.externaltools.gnu-tools-for-stm32.7-2018-q2-update.win32_1.0.0.201904181610/tools/bin/../lib/gcc/arm-none-eabi/7.3.1/thumb/v7e-m/fpv4-sp/hard/crtbegin.o

.preinit_array  0x000000000800d528        0x0
                0x000000000800d528                . = ALIGN (0x4)
                0x000000000800d528                PROVIDE (__preinit_array_start = .)
 *(.preinit_array*)
                0x000000000800d528                PROVIDE (__preinit_array_end = .)
                0x000000000800d528                . = ALIGN (0x4)

.init_array     0x000000000800d528        0x4
                0x000000000800d528                . = ALIGN (0x4)
                0x000000000800d528                PROVIDE (__init_array_start = .)
 *(SORT_BY_NAME(.init_array.*))
 *(.init_array*)
 .init_array    0x000000000800d528        0x4 c:/st/stm32cubeide_1.0.1/stm32cubeide/plugins/com.st.stm32cube.ide.mcu.externaltools.gnu-tools-for-stm32.7-2018-q2-update.win32_1.0.0.201904181610/tools/bin/../lib/gcc/arm-none-eabi/7.3.1/thumb/v7e-m/fpv4-sp/hard/crtbegin.o
                0x000000000800d52c                PROVIDE (__init_array_end = .)
                0x000000000800d52c                . = ALIGN (0x4)

.fini_array     0x000000000800d52c        0x4
                0x000000000800d52c                . = ALIGN (0x4)
                [!provide]                        PROVIDE (__fini_array_start = .)
 *(SORT_BY_NAME(.fini_array.*))
 *(.fini_array*)
 .fini_array    0x000000000800d52c        0x4 c:/st/stm32cubeide_1.0.1/stm32cubeide/plugins/com.st.stm32cube.ide.mcu.externaltools.gnu-tools-for-stm32.7-2018-q2-update.win32_1.0.0.201904181610/tools/bin/../lib/gcc/arm-none-eabi/7.3.1/thumb/v7e-m/fpv4-sp/hard/crtbegin.o
                [!provide]                        PROVIDE (__fini_array_end = .)
                0x000000000800d530                . = ALIGN (0x4)
                0x000000000800d530                _sidata = LOADADDR (.data)

.data           0x0000000020000000      0x234 load address 0x000000000800d530
                0x0000000020000000                . = ALIGN (0x4)
                0x0000000020000000                _sdata = .
 *(.data)
 *(.data*)
 .data.uwTickFreq
                0x0000000020000000        0x1 Drivers/STM32F4xx_HAL_Driver/Src/stm32f4xx_hal.o
                0x0000000020000000                uwTickFreq
 *fill*         0x0000000020000001        0x3 
 .data.uxCriticalNesting
                0x0000000020000004        0x4 Middlewares/Third_Party/FreeRTOS/Source/portable/GCC/ARM_CM4F/port.o
 .data.current_fan1_speed
                0x0000000020000008        0x4 Src/fan.o
                0x0000000020000008                current_fan1_speed
 .data.current_fan2_speed
                0x000000002000000c        0x4 Src/fan.o
                0x000000002000000c                current_fan2_speed
 .data.softStartTime
                0x0000000020000010        0x4 Src/fan.o
                0x0000000020000010                softStartTime
 .data.decode_str.11372
                0x0000000020000014       0x48 Src/main.o
 .data.SystemCoreClock
                0x000000002000005c        0x4 Src/system_stm32f4xx.o
                0x000000002000005c                SystemCoreClock
 .data.amw_uart
                0x0000000020000060        0x4 Src/amw/amw_uart.o
                0x0000000020000060                amw_uart
 .data._impure_ptr