main.c:153:13:publish	128	static
main.c:169:6:HAL_UART_RxCpltCallback	24	static
main.c:192:13:receive_handler	16	static
main.c:198:6:testMQTT	136	static
main.c:270:6:init_MQTT	136	static
main.c:322:6:Subcribes_MQTT	8	static
main.c:354:5:main	128	static
main.c:484:6:SystemClock_Config	88	static
main.c:528:13:MX_I2C1_Init	8	static
main.c:562:13:MX_I2C2_Init	8	static
main.c:596:13:MX_SPI2_Init	8	static
main.c:634:13:MX_SPI3_Init	8	static
main.c:672:13:MX_TIM1_Init	96	static
main.c:749:13:MX_TIM2_Init	64	static
main.c:808:13:MX_TIM3_Init	32	static
main.c:853:13:MX_USART1_UART_Init	8	static
main.c:886:13:MX_USART2_UART_Init	8	static
main.c:919:13:MX_USART6_UART_Init	8	static
main.c:952:13:MX_GPIO_Init	48	static
main.c:1011:6:StartSensor_Task	16	static
main.c:1037:6:StartControl_Task	120	static
main.c:1065:6:StartDisplay_task	16	static
main.c:1083:6:StartServer_task	16	static
main.c:1119:6:Error_Handler	4	static
